<html>
<body>
<pre>
<h1>µVision Build Log</h1>
<h2>Tool Versions:</h2>
IDE-Version: µVision V5.16a
Copyright (C) 2015 ARM Ltd and ARM Germany GmbH. All rights reserved.
License Information: Daichi Shinohara, ISIB, LIC=----
 
Tool Versions:
Toolchain:       MDK-Lite  Version: 5.16a
Toolchain Path:  C:\Keil_v5\ARM\ARMCC\Bin
C Compiler:      Armcc.exe V5.06 (build 20)
Assembler:       Armasm.exe V5.06 (build 20)
Linker/Locator:  ArmLink.exe V5.06 (build 20)
Library Manager: ArmAr.exe V5.06 (build 20)
Hex Converter:   FromElf.exe V5.06 (build 20)
CPU DLL:         SARMCM3.DLL V5.16a
Dialog DLL:      DARMP1.DLL V1.25.0.0
Target DLL:      CMSIS_AGDI.dll V1.21.20.0
Dialog DLL:      TARMP1.DLL V1.24.0.0
 
<h2>Project:</h2>
C:\Users\Daichi\hubiC\ELN\uC\ARM\KEIL\Boards\Keil\MCB1700\Demo\Demo.uvprojx
Project File Date:  10/08/2015

<h2>Output:</h2>
*** Using Compiler 'V5.06 (build 20)', folder: 'C:\Keil_v5\ARM\ARMCC\Bin'
Rebuild target 'LPC1768 Flash'
compiling isib_logo.c...
compiling GLCD_Fonts.c...
compiling LED_MCB1700.c...
compiling Buttons_MCB1700.c...
compiling Joystick_MCB1700.c...
compiling ADC_MCB1700.c...
compiling RTX_Conf_CM.c...
compiling Demo.c...
Demo.c(32): warning:  #177-D: variable "LEDOn" was declared but never referenced
  static uint32_t LEDOn, LEDOff;
Demo.c(32): warning:  #177-D: variable "LEDOff" was declared but never referenced
  static uint32_t LEDOn, LEDOff;
Demo.c(33): warning:  #177-D: variable "LEDDir" was declared but never referenced
  static int32_t  LEDDir = 1;
Demo.c: 3 warnings, 0 errors
assembling startup_LPC17xx.s...
compiling GLCD_MCB1700.c...
compiling GPIO_LPC17xx.c...
compiling PIN_LPC17xx.c...
compiling GPDMA_LPC17xx.c...
compiling system_LPC17xx.c...
compiling SSP_LPC17xx.c...
linking...
Program Size: Code=14988 RO-data=5828 RW-data=112 ZI-data=2656  
".\Flash\Demo.axf" - 0 Error(s), 3 Warning(s).

<h2>Software Packages used:</h2>

Package Vendor: ARM
                http://www.keil.com/pack/ARM.CMSIS.4.4.0.pack
                ::CMSIS:RTOS:1.0 (API)
                CMSIS (Cortex Microcontroller Software Interface Standard)
   * Component: RTOS Version: 1.0
   * Component: SPI Version: 2.01
   * Component: CORE Version: 4.2.0
   * Component: Keil RTX Version: 4.79.0

Package Vendor: Keil
                http://www.keil.com/pack/Keil.LPC1700_DFP.2.1.0.pack
                Keil::Device:Startup:1.0.0
                NXP LPC1700 Series Device Support, Drivers and Examples for MCB1700 and LPC1788-32
   * Component: Startup Version: 1.0.0
   * Component: PIN Version: 1.0
   * Component: Buttons Version: 1.0.0
   * Component: SSP Version: 2.3
   * Component: GPDMA Version: 1.2
   * Component: A/D Converter Version: 1.0.0
   * Component: Graphic LCD Version: 1.0.0
   * Component: Joystick Version: 1.0.0
   * Component: GPIO Version: 1.1
   * Component: LED Version: 1.0.0

Package Vendor: Keil
                http://www.keil.com/pack/Keil.MDK-Middleware.7.0.0-beta.pack
                ::Board Support:Graphic LCD:1.00 (API)
                Keil MDK-ARM Professional Middleware for ARM Cortex-M based devices
   * Component: Graphic LCD Version: 1.00
   * Component: Joystick Version: 1.00
   * Component: LED Version: 1.00
   * Component: A/D Converter Version: 1.00
   * Component: Buttons Version: 1.00

<h2>Collection of Component include folders:</h2>
  C:\Users\Daichi\hubiC\ELN\uC\ARM\KEIL\Boards\Keil\MCB1700\Demo\RTE
  C:\Users\Daichi\hubiC\ELN\uC\ARM\KEIL\Boards\Keil\MCB1700\Demo\RTE\Device\LPC1768
  C:\Keil_v5\ARM\PACK\ARM\CMSIS\4.4.0\CMSIS\Driver\Include
  C:\Keil_v5\ARM\PACK\ARM\CMSIS\4.4.0\CMSIS\Include
  C:\Keil_v5\ARM\PACK\ARM\CMSIS\4.4.0\CMSIS\RTOS\RTX\INC
  C:\Keil_v5\ARM\PACK\Keil\LPC1700_DFP\2.1.0\Boards\Keil\MCB1700\Common
  C:\Keil_v5\ARM\PACK\Keil\LPC1700_DFP\2.1.0\Device\Include
  C:\Keil_v5\ARM\PACK\Keil\LPC1700_DFP\2.1.0\RTE_Driver
  C:\Keil_v5\ARM\PACK\Keil\MDK-Middleware\7.0.0-beta\Board

<h2>Collection of Component Files used:</h2>

   * Component: ::CMSIS:RTOS:1.0 (API)

   * Component: ::CMSIS Driver:SPI:2.01 (API)
      Include file:  CMSIS\Driver\Include\Driver_SPI.h

   * Component: ARM::CMSIS:CORE:4.2.0

   * Component: ARM::CMSIS:RTOS:Keil RTX:4.79.0
      Include file:  CMSIS\RTOS\RTX\INC\cmsis_os.h
      Source file:   CMSIS\RTOS\RTX\Templates\RTX_Conf_CM.c
      Source file:   CMSIS\RTOS\RTX\SRC\ARM\SVC_Table.s
      Source file:   CMSIS\RTOS\RTX\UserCodeTemplates\MemPool.c
      Source file:   CMSIS\RTOS\RTX\UserCodeTemplates\Semaphore.c
      Source file:   CMSIS\RTOS\RTX\UserCodeTemplates\main.c
      Source file:   CMSIS\RTOS\RTX\UserCodeTemplates\MsgQueue.c
      Source file:   CMSIS\RTOS\RTX\UserCodeTemplates\Timer.c
      Include file:  CMSIS\RTOS\RTX\UserCodeTemplates\osObjects.h
      Source file:   CMSIS\RTOS\RTX\UserCodeTemplates\Thread.c
      Library file:  CMSIS\RTOS\RTX\LIB\ARM\RTX_CM3.lib
      Source file:   CMSIS\RTOS\RTX\UserCodeTemplates\Mutex.c
      Source file:   CMSIS\RTOS\RTX\UserCodeTemplates\MailQueue.c

   * Component: Keil::Device:Startup:1.0.0
      Source file:   Device\Source\system_LPC17xx.c
      Include file:  RTE_Driver\Config\RTE_Device.h
      Include file:  Device\Include\LPC17xx.h
      Source file:   Device\Source\ARM\startup_LPC17xx.s

   * Component: Keil::Device:PIN:1.0
      Include file:  RTE_Driver\PIN_LPC17xx.h
      Source file:   RTE_Driver\PIN_LPC17xx.c

   * Component: Keil.MCB1700::Board Support:Buttons:1.0.0
      Source file:   Boards\Keil\MCB1700\Common\Buttons_MCB1700.c

   * Component: Keil::CMSIS Driver:SPI:SSP:2.3
      Source file:   RTE_Driver\SSP_LPC17xx.c

   * Component: Keil::Device:GPDMA:1.2
      Source file:   RTE_Driver\GPDMA_LPC17xx.c
      Include file:  RTE_Driver\GPDMA_LPC17xx.h

   * Component: Keil.MCB1700::Board Support:A/D Converter:1.0.0
      Source file:   Boards\Keil\MCB1700\Common\ADC_MCB1700.c

   * Component: Keil.MCB1700::Board Support:Graphic LCD:1.0.0
      Include file:  Boards\Keil\MCB1700\Common\GLCD_Config.h
      Source file:   Boards\Keil\MCB1700\Common\GLCD_Fonts.c
      Source file:   Boards\Keil\MCB1700\Common\GLCD_MCB1700.c

   * Component: Keil.MCB1700::Board Support:Joystick:1.0.0
      Source file:   Boards\Keil\MCB1700\Common\Joystick_MCB1700.c

   * Component: Keil::Device:GPIO:1.1
      Source file:   RTE_Driver\GPIO_LPC17xx.c
      Include file:  RTE_Driver\GPIO_LPC17xx.h

   * Component: Keil.MCB1700::Board Support:LED:1.0.0
      Source file:   Boards\Keil\MCB1700\Common\LED_MCB1700.c

   * Component: ::Board Support:Graphic LCD:1.00 (API)
      Include file:  Board\Board_GLCD.h

   * Component: ::Board Support:Joystick:1.00 (API)
      Include file:  Board\Board_Joystick.h

   * Component: ::Board Support:LED:1.00 (API)
      Include file:  Board\Board_LED.h

   * Component: ::Board Support:A/D Converter:1.00 (API)
      Include file:  Board\Board_ADC.h

   * Component: ::Board Support:Buttons:1.00 (API)
      Include file:  Board\Board_Buttons.h
Build Time Elapsed:  00:00:01
</pre>
</body>
</html>
