Component: ARM Compiler 5.06 (build 20) Tool: armlink [4d35a3]

==============================================================================

Section Cross References

    demo.o(.text) refers to dadd.o(.text) for __aeabi_dsub
    demo.o(.text) refers to ddiv.o(.text) for __aeabi_ddiv
    demo.o(.text) refers to dmul.o(.text) for __aeabi_dmul
    demo.o(.text) refers to rt_cmsis.o(i.osDelay) for osDelay
    demo.o(.text) refers to system_lpc17xx.o(.text) for SystemInit
    demo.o(.text) refers to adc_mcb1700.o(.text) for ADC_Initialize
    demo.o(.text) refers to glcd_mcb1700.o(.text) for GLCD_Initialize
    demo.o(.text) refers to printf6.o(i.__0sprintf$6) for __2sprintf
    demo.o(.text) refers to demo.o(.bss) for .bss
    demo.o(.text) refers to glcd_fonts.o(.constdata) for GLCD_Font_16x24
    adc_mcb1700.o(.text) refers to pin_lpc17xx.o(.text) for PIN_Configure
    adc_mcb1700.o(.text) refers to adc_mcb1700.o(.data) for .data
    buttons_mcb1700.o(.text) refers to gpio_lpc17xx.o(.text) for GPIO_PortClock
    buttons_mcb1700.o(.text) refers to pin_lpc17xx.o(.text) for PIN_Configure
    glcd_fonts.o(.constdata) refers to glcd_fonts.o(.constdata) for Font_6x8_h
    glcd_fonts.o(.constdata) refers to glcd_fonts.o(.constdata) for Font_16x24_h
    glcd_mcb1700.o(.text) refers to gpio_lpc17xx.o(.text) for GPIO_SetDir
    glcd_mcb1700.o(.text) refers to pin_lpc17xx.o(.text) for PIN_Configure
    glcd_mcb1700.o(.text) refers to glcd_mcb1700.o(.data) for .data
    glcd_mcb1700.o(.text) refers to ssp_lpc17xx.o(.constdata) for Driver_SPI1
    glcd_mcb1700.o(.text) refers to system_lpc17xx.o(.data) for SystemCoreClock
    joystick_mcb1700.o(.text) refers to gpio_lpc17xx.o(.text) for GPIO_PortClock
    joystick_mcb1700.o(.text) refers to pin_lpc17xx.o(.text) for PIN_Configure
    joystick_mcb1700.o(.text) refers to joystick_mcb1700.o(.constdata) for .constdata
    led_mcb1700.o(.text) refers to gpio_lpc17xx.o(.text) for GPIO_PortClock
    led_mcb1700.o(.text) refers to pin_lpc17xx.o(.text) for PIN_Configure
    led_mcb1700.o(.text) refers to led_mcb1700.o(.constdata) for .constdata
    rtx_conf_cm.o(.ARM.Collect$$$$000000FF) refers to rt_cmsis.o(i.osKernelInitialize) for osKernelInitialize
    rtx_conf_cm.o(.ARM.Collect$$$$000000FF) refers to rt_cmsis.o(i.osThreadCreate) for osThreadCreate
    rtx_conf_cm.o(.ARM.Collect$$$$000000FF) refers to rt_cmsis.o(i.osKernelStart) for osKernelStart
    rtx_conf_cm.o(.ARM.Collect$$$$000000FF) refers to rtx_conf_cm.o(.data) for .data
    rtx_conf_cm.o(.constdata) refers to rt_cmsis.o(i.osTimerThread) for osTimerThread
    rtx_conf_cm.o(.constdata) refers to rtx_conf_cm.o(.bss) for os_messageQ_q_osTimerMessageQ
    rtx_conf_cm.o(.data) refers to demo.o(.text) for main
    ssp_lpc17xx.o(.text) refers to gpdma_lpc17xx.o(.text) for GPDMA_ChannelDisable
    ssp_lpc17xx.o(.text) refers to memseta.o(.text) for __aeabi_memclr4
    ssp_lpc17xx.o(.text) refers to system_lpc17xx.o(.data) for SystemCoreClock
    ssp_lpc17xx.o(.text) refers to ssp_lpc17xx.o(.constdata) for .constdata
    ssp_lpc17xx.o(.text) refers to ssp_lpc17xx.o(.data) for .data
    ssp_lpc17xx.o(.text) refers to gpio_lpc17xx.o(.text) for GPIO_PinWrite
    ssp_lpc17xx.o(.text) refers to pin_lpc17xx.o(.text) for PIN_Configure
    ssp_lpc17xx.o(.constdata) refers to ssp_lpc17xx.o(.text) for SSP1_GPDMA_Tx_SignalEvent
    ssp_lpc17xx.o(.constdata) refers to ssp_lpc17xx.o(.bss) for SSP1_Info
    ssp_lpc17xx.o(.constdata) refers to ssp_lpc17xx.o(.bss) for SSP1_Xfer
    ssp_lpc17xx.o(.constdata) refers to ssp_lpc17xx.o(.text) for SSP_GetVersion
    gpdma_lpc17xx.o(.text) refers to gpdma_lpc17xx.o(.data) for .data
    gpdma_lpc17xx.o(.text) refers to gpdma_lpc17xx.o(.bss) for .bss
    startup_lpc17xx.o(RESET) refers to startup_lpc17xx.o(STACK) for __initial_sp
    startup_lpc17xx.o(RESET) refers to startup_lpc17xx.o(.text) for Reset_Handler
    startup_lpc17xx.o(RESET) refers to hal_cm3.o(.emb_text) for SVC_Handler
    startup_lpc17xx.o(RESET) refers to ssp_lpc17xx.o(.text) for SSP1_IRQHandler
    startup_lpc17xx.o(RESET) refers to adc_mcb1700.o(.text) for ADC_IRQHandler
    startup_lpc17xx.o(RESET) refers to gpdma_lpc17xx.o(.text) for DMA_IRQHandler
    startup_lpc17xx.o(.text) refers to system_lpc17xx.o(.text) for SystemInit
    startup_lpc17xx.o(.text) refers to entry.o(.ARM.Collect$$$$00000000) for __main
    system_lpc17xx.o(.text) refers to uldiv.o(.text) for __aeabi_uldivmod
    system_lpc17xx.o(.text) refers to system_lpc17xx.o(.data) for .data
    rt_cmsis.o(i.isrMessageGet) refers to rt_mailbox.o(i.isr_mbx_receive) for isr_mbx_receive
    rt_cmsis.o(i.isrMessagePut) refers to rt_mailbox.o(i.rt_mbx_check) for rt_mbx_check
    rt_cmsis.o(i.isrMessagePut) refers to rt_mailbox.o(i.isr_mbx_send) for isr_mbx_send
    rt_cmsis.o(i.isrSemaphoreRelease) refers to rt_cmsis.o(i.rt_id2obj) for rt_id2obj
    rt_cmsis.o(i.isrSemaphoreRelease) refers to rt_semaphore.o(i.isr_sem_send) for isr_sem_send
[...]


==============================================================================

Removing Unused input sections from the image.

    Removing demo.o(.rev16_text), (4 bytes).
    Removing demo.o(.revsh_text), (4 bytes).
    Removing demo.o(.rrx_text), (6 bytes).
    Removing demo.o(.bss), (32 bytes).
    Removing demo.o(.bss), (10 bytes).
    Removing demo.o(.bss), (10 bytes).
    Removing demo.o(.bss), (10 bytes).
    Removing demo.o(.data), (4 bytes).
    Removing demo.o(.data), (4 bytes).
    Removing demo.o(.data), (4 bytes).
    Removing demo.o(.data), (4 bytes).
    Removing demo.o(.data), (4 bytes).
    Removing demo.o(.data), (4 bytes).
    Removing demo.o(.data), (4 bytes).
    Removing demo.o(.data), (4 bytes).
    Removing demo.o(.data), (4 bytes).
    Removing demo.o(.data), (4 bytes).
    Removing demo.o(.data), (1 bytes).
    Removing demo.o(.data), (4 bytes).
    Removing demo.o(.data), (4 bytes).
    Removing demo.o(.data), (4 bytes).
    Removing demo.o(.data), (4 bytes).
    Removing demo.o(.data), (4 bytes).
    Removing demo.o(.data), (4 bytes).
    Removing demo.o(.data), (4 bytes).
    Removing demo.o(.data), (4 bytes).
    Removing demo.o(.data), (4 bytes).
    Removing demo.o(.data), (4 bytes).
    Removing demo.o(.data), (4 bytes).
    Removing demo.o(.data), (4 bytes).
    Removing isib_logo.o(.constdata), (1200 bytes).
    Removing adc_mcb1700.o(.rev16_text), (4 bytes).
    Removing adc_mcb1700.o(.revsh_text), (4 bytes).
    Removing adc_mcb1700.o(.rrx_text), (6 bytes).
    Removing adc_mcb1700.o(.constdata), (2 bytes).
    Removing buttons_mcb1700.o(.rev16_text), (4 bytes).
    Removing buttons_mcb1700.o(.revsh_text), (4 bytes).
    Removing buttons_mcb1700.o(.rrx_text), (6 bytes).
    Removing buttons_mcb1700.o(.text), (84 bytes).
    Removing buttons_mcb1700.o(.constdata), (2 bytes).
    Removing glcd_fonts.o(.constdata), (896 bytes).
    Removing glcd_fonts.o(.constdata), (16 bytes).
    Removing glcd_mcb1700.o(.rev16_text), (4 bytes).
    Removing glcd_mcb1700.o(.revsh_text), (4 bytes).
    Removing glcd_mcb1700.o(.rrx_text), (6 bytes).
    Removing joystick_mcb1700.o(.rev16_text), (4 bytes).
    Removing joystick_mcb1700.o(.revsh_text), (4 bytes).
    Removing joystick_mcb1700.o(.rrx_text), (6 bytes).
    Removing joystick_mcb1700.o(.text), (176 bytes).
    Removing joystick_mcb1700.o(.constdata), (10 bytes).
    Removing led_mcb1700.o(.text), (200 bytes).
    Removing led_mcb1700.o(.constdata), (16 bytes).
    Removing rtx_conf_cm.o(.constdata), (4 bytes).
    Removing rtx_conf_cm.o(.constdata), (2 bytes).
    Removing rtx_conf_cm.o(.constdata), (2 bytes).
    Removing rtx_conf_cm.o(.data), (4 bytes).
    Removing ssp_lpc17xx.o(.rev16_text), (4 bytes).
    Removing ssp_lpc17xx.o(.revsh_text), (4 bytes).
    Removing ssp_lpc17xx.o(.rrx_text), (6 bytes).
    Removing gpdma_lpc17xx.o(.rev16_text), (4 bytes).
    Removing gpdma_lpc17xx.o(.revsh_text), (4 bytes).
    Removing gpdma_lpc17xx.o(.rrx_text), (6 bytes).
    Removing gpio_lpc17xx.o(.rev16_text), (4 bytes).
    Removing gpio_lpc17xx.o(.revsh_text), (4 bytes).
    Removing gpio_lpc17xx.o(.rrx_text), (6 bytes).
    Removing pin_lpc17xx.o(.rev16_text), (4 bytes).
    Removing pin_lpc17xx.o(.revsh_text), (4 bytes).
    Removing pin_lpc17xx.o(.rrx_text), (6 bytes).
    Removing startup_lpc17xx.o(HEAP), (0 bytes).
    Removing system_lpc17xx.o(.rev16_text), (4 bytes).
    Removing system_lpc17xx.o(.revsh_text), (4 bytes).
    Removing system_lpc17xx.o(.rrx_text), (6 bytes).
    Removing rt_cmsis.o(.rev16_text), (4 bytes).
    Removing rt_cmsis.o(.revsh_text), (4 bytes).
    Removing rt_cmsis.o(.rrx_text), (6 bytes).
    Removing rt_cmsis.o(i.isrSemaphoreRelease), (40 bytes).
    Removing rt_cmsis.o(i.isrSignalSet), (36 bytes).
    Removing rt_cmsis.o(i.osKernelRunning), (36 bytes).
    Removing rt_cmsis.o(i.osKernelSysTick), (24 bytes).
    Removing rt_cmsis.o(i.osMailAlloc), (28 bytes).
    Removing rt_cmsis.o(i.osMailCAlloc), (48 bytes).
    Removing rt_cmsis.o(i.osMailCreate), (48 bytes).
    Removing rt_cmsis.o(i.osMailFree), (28 bytes).
    Removing rt_cmsis.o(i.osMailGet), (22 bytes).
    Removing rt_cmsis.o(i.osMailPut), (20 bytes).
    Removing rt_cmsis.o(i.osMessageCreate), (48 bytes).
    Removing rt_cmsis.o(i.osMessagePut), (24 bytes).
    Removing rt_cmsis.o(i.osMutexCreate), (48 bytes).
    Removing rt_cmsis.o(i.osMutexDelete), (24 bytes).
    Removing rt_cmsis.o(i.osMutexRelease), (24 bytes).
    Removing rt_cmsis.o(i.osMutexWait), (24 bytes).
    Removing rt_cmsis.o(i.osPoolAlloc), (32 bytes).
    Removing rt_cmsis.o(i.osPoolCAlloc), (52 bytes).
    Removing rt_cmsis.o(i.osPoolCreate), (48 bytes).
    Removing rt_cmsis.o(i.osPoolFree), (32 bytes).
    Removing rt_cmsis.o(i.osSemaphoreCreate), (48 bytes).
    Removing rt_cmsis.o(i.osSemaphoreDelete), (24 bytes).
    Removing rt_cmsis.o(i.osSemaphoreRelease), (24 bytes).
    Removing rt_cmsis.o(i.osSemaphoreWait), (24 bytes).
    Removing rt_cmsis.o(i.osSignalClear), (24 bytes).
    Removing rt_cmsis.o(i.osSignalSet), (24 bytes).
    Removing rt_cmsis.o(i.osSignalWait), (24 bytes).
    Removing rt_cmsis.o(i.osThreadGetId), (24 bytes).
    Removing rt_cmsis.o(i.osThreadGetPriority), (24 bytes).
    Removing rt_cmsis.o(i.osThreadSetPriority), (24 bytes).
    Removing rt_cmsis.o(i.osThreadTerminate), (24 bytes).
    Removing rt_cmsis.o(i.osThreadYield), (24 bytes).
    Removing rt_cmsis.o(i.osTimerCreate), (52 bytes).
    Removing rt_cmsis.o(i.osTimerDelete), (24 bytes).
    Removing rt_cmsis.o(i.osTimerStart), (24 bytes).
    Removing rt_cmsis.o(i.osTimerStop), (24 bytes).
    Removing rt_cmsis.o(i.osWait), (4 bytes).
    Removing rt_cmsis.o(i.os_resume), (12 bytes).
    Removing rt_cmsis.o(i.os_suspend), (12 bytes).
    Removing rt_cmsis.o(i.rt_clr_box), (24 bytes).
    Removing rt_cmsis.o(i.rt_timer_remove), (60 bytes).
    Removing rt_cmsis.o(i.svcKernelRunning), (12 bytes).
    Removing rt_cmsis.o(i.svcKernelSysTick), (56 bytes).
    Removing rt_cmsis.o(i.svcMailCreate), (66 bytes).
    Removing rt_cmsis.o(i.svcMessagePut), (54 bytes).
    Removing rt_cmsis.o(i.svcMutexCreate), (28 bytes).
    Removing rt_cmsis.o(i.svcMutexDelete), (26 bytes).
    Removing rt_cmsis.o(i.svcMutexRelease), (34 bytes).
    Removing rt_cmsis.o(i.svcMutexWait), (54 bytes).
    Removing rt_cmsis.o(i.svcPoolCreate), (40 bytes).
    Removing rt_cmsis.o(i.svcSemaphoreCreate), (36 bytes).
    Removing rt_cmsis.o(i.svcSemaphoreDelete), (26 bytes).
    Removing rt_cmsis.o(i.svcSemaphoreRelease), (40 bytes).
    Removing rt_cmsis.o(i.svcSemaphoreWait), (50 bytes).
    Removing rt_cmsis.o(i.svcSignalClear), (36 bytes).
    Removing rt_cmsis.o(i.svcSignalSet), (36 bytes).
    Removing rt_cmsis.o(i.svcSignalWait), (84 bytes).
    Removing rt_cmsis.o(i.svcThreadGetPriority), (18 bytes).
    Removing rt_cmsis.o(i.svcThreadSetPriority), (46 bytes).
    Removing rt_cmsis.o(i.svcThreadYield), (10 bytes).
    Removing rt_cmsis.o(i.svcTimerCreate), (56 bytes).
    Removing rt_cmsis.o(i.svcTimerDelete), (40 bytes).
    Removing rt_cmsis.o(i.svcTimerStart), (100 bytes).
    Removing rt_cmsis.o(i.svcTimerStop), (36 bytes).
    Removing rt_cmsis.o(i.sysMailAlloc), (88 bytes).
    Removing rt_cmsis.o(i.sysMailFree), (96 bytes).
    Removing rt_cmsis.o(i.sysPoolAlloc), (10 bytes).
    Removing rt_cmsis.o(i.sysPoolFree), (20 bytes).
    Removing rt_cmsis.o(i.sysUserTimerUpdate), (48 bytes).
    Removing rt_cmsis.o(i.sysUserTimerWakeupTime), (20 bytes).
    Removing rt_task.o(i.rt_tsk_pass), (48 bytes).
    Removing rt_system.o(.emb_text), (0 bytes).
    Removing rt_system.o(i.os_tick_ovf), (16 bytes).
    Removing rt_system.o(i.os_tick_val), (20 bytes).
    Removing rt_system.o(i.rt_resume), (136 bytes).
    Removing rt_system.o(i.rt_suspend), (36 bytes).
    Removing rt_system.o(i.rt_tsk_lock), (80 bytes).
    Removing rt_system.o(i.rt_tsk_unlock), (80 bytes).
    Removing rt_event.o(i.isr_evt_set), (40 bytes).
    Removing rt_event.o(i.rt_evt_clr), (28 bytes).
    Removing rt_event.o(i.rt_evt_get), (12 bytes).
    Removing rt_event.o(i.rt_evt_set), (92 bytes).
    Removing rt_event.o(i.rt_evt_wait), (60 bytes).
    Removing rt_list.o(i.rt_get_same_rdy_prio), (36 bytes).
    Removing rt_mailbox.o(i.rt_mbx_send), (152 bytes).
    Removing rt_semaphore.o(i.isr_sem_send), (16 bytes).
    Removing rt_semaphore.o(i.rt_sem_delete), (92 bytes).
    Removing rt_semaphore.o(i.rt_sem_init), (12 bytes).
    Removing rt_semaphore.o(i.rt_sem_send), (42 bytes).
    Removing rt_semaphore.o(i.rt_sem_wait), (64 bytes).
    Removing rt_time.o(i.rt_itv_set), (24 bytes).
    Removing rt_time.o(i.rt_itv_wait), (40 bytes).
    Removing rt_time.o(i.rt_time_get), (12 bytes).
    Removing rt_mutex.o(i.rt_mut_delete), (176 bytes).
    Removing rt_mutex.o(i.rt_mut_init), (16 bytes).
    Removing rt_mutex.o(i.rt_mut_release), (216 bytes).
    Removing rt_mutex.o(i.rt_mut_wait), (104 bytes).
    Removing rt_membox.o(i._calloc_box), (30 bytes).
    Removing dfixul.o(.text), (48 bytes).
    Removing cdrcmple.o(.text), (48 bytes).

175 unused section(s) (total 7195 bytes) removed from the image.

==============================================================================

Image Symbol Table

    Local Symbols

    Symbol Name                              Value     Ov Type        Size  Object(Section)

    RESET                                    0x00000000   Section      204  startup_lpc17xx.o(RESET)
    ../clib/microlib/division.c              0x00000000   Number         0  uldiv.o ABSOLUTE
    ../clib/microlib/division.c              0x00000000   Number         0  uidiv.o ABSOLUTE
    ../clib/microlib/init/entry.s            0x00000000   Number         0  entry8b.o ABSOLUTE
    ../clib/microlib/init/entry.s            0x00000000   Number         0  entry7b.o ABSOLUTE
    ../clib/microlib/init/entry.s            0x00000000   Number         0  entry11a.o ABSOLUTE
    ../clib/microlib/init/entry.s            0x00000000   Number         0  entry10b.o ABSOLUTE
    ../clib/microlib/init/entry.s            0x00000000   Number         0  entry10a.o ABSOLUTE
    ../clib/microlib/init/entry.s            0x00000000   Number         0  entry11b.o ABSOLUTE
    ../clib/microlib/init/entry.s            0x00000000   Number         0  entry7a.o ABSOLUTE
    ../clib/microlib/init/entry.s            0x00000000   Number         0  entry5.o ABSOLUTE
    ../clib/microlib/init/entry.s            0x00000000   Number         0  entry2.o ABSOLUTE
    ../clib/microlib/init/entry.s            0x00000000   Number         0  entry8a.o ABSOLUTE
    ../clib/microlib/init/entry.s            0x00000000   Number         0  entry.o ABSOLUTE
    ../clib/microlib/longlong.c              0x00000000   Number         0  llshl.o ABSOLUTE
    ../clib/microlib/longlong.c              0x00000000   Number         0  llushr.o ABSOLUTE
    ../clib/microlib/longlong.c              0x00000000   Number         0  llsshr.o ABSOLUTE
    ../clib/microlib/printf/printf.c         0x00000000   Number         0  printfa.o ABSOLUTE
    ../clib/microlib/printf/printf.c         0x00000000   Number         0  printf1.o ABSOLUTE
    ../clib/microlib/printf/printf.c         0x00000000   Number         0  printf0.o ABSOLUTE
    ../clib/microlib/printf/printf.c         0x00000000   Number         0  printf8.o ABSOLUTE
    ../clib/microlib/printf/printf.c         0x00000000   Number         0  printfb.o ABSOLUTE
    ../clib/microlib/printf/printf.c         0x00000000   Number         0  printf7.o ABSOLUTE
    ../clib/microlib/printf/printf.c         0x00000000   Number         0  printf6.o ABSOLUTE
    ../clib/microlib/printf/printf.c         0x00000000   Number         0  printf5.o ABSOLUTE
    ../clib/microlib/printf/printf.c         0x00000000   Number         0  printf4.o ABSOLUTE
    ../clib/microlib/printf/printf.c         0x00000000   Number         0  printf3.o ABSOLUTE
    ../clib/microlib/printf/printf.c         0x00000000   Number         0  printf2.o ABSOLUTE
    ../clib/microlib/printf/stubs.s          0x00000000   Number         0  stubs.o ABSOLUTE
    ../clib/microlib/stdio/fputc.c           0x00000000   Number         0  fputc.o ABSOLUTE
    ../clib/microlib/stdio/semi.s            0x00000000   Number         0  semi.o ABSOLUTE
    ../clib/microlib/stdio/streams.c         0x00000000   Number         0  stdout.o ABSOLUTE
    ../clib/microlib/string/memset.c         0x00000000   Number         0  memseta.o ABSOLUTE
    ../clib/microlib/stubs.s                 0x00000000   Number         0  iusefp.o ABSOLUTE
    ../clib/microlib/stubs.s                 0x00000000   Number         0  iusesemip.o ABSOLUTE
    ../fplib/microlib/fpadd.c                0x00000000   Number         0  dadd.o ABSOLUTE
    ../fplib/microlib/fpdiv.c                0x00000000   Number         0  ddiv.o ABSOLUTE
    ../fplib/microlib/fpepilogue.c           0x00000000   Number         0  depilogue.o ABSOLUTE
    ../fplib/microlib/fpfix.c                0x00000000   Number         0  dfixul.o ABSOLUTE
    ../fplib/microlib/fpmul.c                0x00000000   Number         0  dmul.o ABSOLUTE
    ..\HAL_CM.c                              0x00000000   Number         0  hal_cm.o ABSOLUTE
    ..\\rt_CMSIS.c                           0x00000000   Number         0  rt_cmsis.o ABSOLUTE
    ..\\rt_System.c                          0x00000000   Number         0  rt_system.o ABSOLUTE
    ..\rt_CMSIS.c                            0x00000000   Number         0  rt_cmsis.o ABSOLUTE
    ..\rt_Event.c                            0x00000000   Number         0  rt_event.o ABSOLUTE
    ..\rt_List.c                             0x00000000   Number         0  rt_list.o ABSOLUTE
    ..\rt_Mailbox.c                          0x00000000   Number         0  rt_mailbox.o ABSOLUTE
    ..\rt_MemBox.c                           0x00000000   Number         0  rt_membox.o ABSOLUTE
    ..\rt_Memory.c                           0x00000000   Number         0  rt_memory.o ABSOLUTE
    ..\rt_Mutex.c                            0x00000000   Number         0  rt_mutex.o ABSOLUTE
    ..\rt_Robin.c                            0x00000000   Number         0  rt_robin.o ABSOLUTE
    ..\rt_Semaphore.c                        0x00000000   Number         0  rt_semaphore.o ABSOLUTE
    ..\rt_System.c                           0x00000000   Number         0  rt_system.o ABSOLUTE
    ..\rt_Task.c                             0x00000000   Number         0  rt_task.o ABSOLUTE
    ..\rt_Time.c                             0x00000000   Number         0  rt_time.o ABSOLUTE
    C:\Keil_v5\ARM\PACK\Keil\LPC1700_DFP\2.1.0\Boards\Keil\MCB1700\Common\ADC_MCB1700.c 0x00000000   Number         0  adc_mcb1700.o ABSOLUTE
    C:\Keil_v5\ARM\PACK\Keil\LPC1700_DFP\2.1.0\Boards\Keil\MCB1700\Common\Buttons_MCB1700.c 0x00000000   Number         0  buttons_mcb1700.o ABSOLUTE
    C:\Keil_v5\ARM\PACK\Keil\LPC1700_DFP\2.1.0\Boards\Keil\MCB1700\Common\GLCD_Fonts.c 0x00000000   Number         0  glcd_fonts.o ABSOLUTE
    C:\Keil_v5\ARM\PACK\Keil\LPC1700_DFP\2.1.0\Boards\Keil\MCB1700\Common\GLCD_MCB1700.c 0x00000000   Number         0  glcd_mcb1700.o ABSOLUTE
    C:\Keil_v5\ARM\PACK\Keil\LPC1700_DFP\2.1.0\Boards\Keil\MCB1700\Common\Joystick_MCB1700.c 0x00000000   Number         0  joystick_mcb1700.o ABSOLUTE
    C:\Keil_v5\ARM\PACK\Keil\LPC1700_DFP\2.1.0\Boards\Keil\MCB1700\Common\LED_MCB1700.c 0x00000000   Number         0  led_mcb1700.o ABSOLUTE
    C:\Keil_v5\ARM\PACK\Keil\LPC1700_DFP\2.1.0\RTE_Driver\GPDMA_LPC17xx.c 0x00000000   Number         0  gpdma_lpc17xx.o ABSOLUTE
    C:\Keil_v5\ARM\PACK\Keil\LPC1700_DFP\2.1.0\RTE_Driver\GPIO_LPC17xx.c 0x00000000   Number         0  gpio_lpc17xx.o ABSOLUTE
    C:\Keil_v5\ARM\PACK\Keil\LPC1700_DFP\2.1.0\RTE_Driver\PIN_LPC17xx.c 0x00000000   Number         0  pin_lpc17xx.o ABSOLUTE
    C:\Keil_v5\ARM\PACK\Keil\LPC1700_DFP\2.1.0\RTE_Driver\SSP_LPC17xx.c 0x00000000   Number         0  ssp_lpc17xx.o ABSOLUTE
    C:\\Keil_v5\\ARM\\PACK\\Keil\\LPC1700_DFP\\2.1.0\\Boards\\Keil\\MCB1700\\Common\\ADC_MCB1700.c 0x00000000   Number         0  adc_mcb1700.o ABSOLUTE
    C:\\Keil_v5\\ARM\\PACK\\Keil\\LPC1700_DFP\\2.1.0\\Boards\\Keil\\MCB1700\\Common\\Buttons_MCB1700.c 0x00000000   Number         0  buttons_mcb1700.o ABSOLUTE
    C:\\Keil_v5\\ARM\\PACK\\Keil\\LPC1700_DFP\\2.1.0\\Boards\\Keil\\MCB1700\\Common\\GLCD_MCB1700.c 0x00000000   Number         0  glcd_mcb1700.o ABSOLUTE
    C:\\Keil_v5\\ARM\\PACK\\Keil\\LPC1700_DFP\\2.1.0\\Boards\\Keil\\MCB1700\\Common\\Joystick_MCB1700.c 0x00000000   Number         0  joystick_mcb1700.o ABSOLUTE
    C:\\Keil_v5\\ARM\\PACK\\Keil\\LPC1700_DFP\\2.1.0\\RTE_Driver\\GPDMA_LPC17xx.c 0x00000000   Number         0  gpdma_lpc17xx.o ABSOLUTE
    C:\\Keil_v5\\ARM\\PACK\\Keil\\LPC1700_DFP\\2.1.0\\RTE_Driver\\GPIO_LPC17xx.c 0x00000000   Number         0  gpio_lpc17xx.o ABSOLUTE
    C:\\Keil_v5\\ARM\\PACK\\Keil\\LPC1700_DFP\\2.1.0\\RTE_Driver\\PIN_LPC17xx.c 0x00000000   Number         0  pin_lpc17xx.o ABSOLUTE
    C:\\Keil_v5\\ARM\\PACK\\Keil\\LPC1700_DFP\\2.1.0\\RTE_Driver\\SSP_LPC17xx.c 0x00000000   Number         0  ssp_lpc17xx.o ABSOLUTE
    Demo.c                                   0x00000000   Number         0  demo.o ABSOLUTE
    Demo.c                                   0x00000000   Number         0  demo.o ABSOLUTE
    HAL_CM3.c                                0x00000000   Number         0  hal_cm3.o ABSOLUTE
    HAL_CM3.c                                0x00000000   Number         0  hal_cm3.o ABSOLUTE
    RTE\CMSIS\RTX_Conf_CM.c                  0x00000000   Number         0  rtx_conf_cm.o ABSOLUTE
    RTE\Device\LPC1768\startup_LPC17xx.s     0x00000000   Number         0  startup_lpc17xx.o ABSOLUTE
    RTE\Device\LPC1768\system_LPC17xx.c      0x00000000   Number         0  system_lpc17xx.o ABSOLUTE
    RTE\\Device\\LPC1768\\system_LPC17xx.c   0x00000000   Number         0  system_lpc17xx.o ABSOLUTE
    SVC_Table.s                              0x00000000   Number         0  svc_table.o ABSOLUTE
    cdrcmple.s                               0x00000000   Number         0  cdrcmple.o ABSOLUTE
    dc.s                                     0x00000000   Number         0  dc.o ABSOLUTE
    handlers.s                               0x00000000   Number         0  handlers.o ABSOLUTE
    init.s                                   0x00000000   Number         0  init.o ABSOLUTE
    isib_logo.c                              0x00000000   Number         0  isib_logo.o ABSOLUTE
    .ARM.Collect$$$$00000000                 0x000000cc   Section        0  entry.o(.ARM.Collect$$$$00000000)
    .ARM.Collect$$$$00000001                 0x000000cc   Section        4  entry2.o(.ARM.Collect$$$$00000001)
    .ARM.Collect$$$$00000004                 0x000000d0   Section        4  entry5.o(.ARM.Collect$$$$00000004)
    .ARM.Collect$$$$00000008                 0x000000d4   Section        0  entry7b.o(.ARM.Collect$$$$00000008)
    .ARM.Collect$$$$0000000A                 0x000000d4   Section        0  entry8b.o(.ARM.Collect$$$$0000000A)
    .ARM.Collect$$$$0000000D                 0x000000d4   Section        0  entry10a.o(.ARM.Collect$$$$0000000D)
    .ARM.Collect$$$$0000000F                 0x000000d4   Section        0  entry11a.o(.ARM.Collect$$$$0000000F)
    .ARM.Collect$$$$000000FF                 0x000000d4   Section        0  rtx_conf_cm.o(.ARM.Collect$$$$000000FF)
    .ARM.Collect$$$$00002712                 0x000000ec   Section        4  entry2.o(.ARM.Collect$$$$00002712)
    __lit__00000000                          0x000000ec   Data           4  entry2.o(.ARM.Collect$$$$00002712)
    .emb_text                                0x000000f0   Section      304  hal_cm3.o(.emb_text)
    .text                                    0x00000220   Section        0  adc_mcb1700.o(.text)
    .text                                    0x000002f4   Section        0  rtx_conf_cm.o(.text)
    .text                                    0x000002f8   Section        0  iusefp.o(.text)
    SVC_TABLE                                0x000002f8   Section        4  svc_table.o(SVC_TABLE)
    .ARM.__at_0x02FC                         0x000002fc   Section        4  startup_lpc17xx.o(.ARM.__at_0x02FC)
    .text                                    0x00000300   Section        0  demo.o(.text)
    .text                                    0x00000534   Section        0  glcd_mcb1700.o(.text)
    spi_tran_man                             0x00000535   Thumb Code   118  glcd_mcb1700.o(.text)
    wr_cmd                                   0x000005ab   Thumb Code    48  glcd_mcb1700.o(.text)
    wr_reg                                   0x000005db   Thumb Code   104  glcd_mcb1700.o(.text)
    rd_id_man                                0x00000643   Thumb Code   170  glcd_mcb1700.o(.text)
    delay_ms                                 0x00001019   Thumb Code    34  glcd_mcb1700.o(.text)
    spi_tran                                 0x0000103b   Thumb Code    30  glcd_mcb1700.o(.text)
    wr_dat_start                             0x00001059   Thumb Code    20  glcd_mcb1700.o(.text)
    wr_dat_stop                              0x0000106d   Thumb Code    10  glcd_mcb1700.o(.text)
    wr_dat_only                              0x00001077   Thumb Code    32  glcd_mcb1700.o(.text)
    .text                                    0x000010a4   Section        0  ssp_lpc17xx.o(.text)
    GetSSPClockFreq                          0x000010a5   Thumb Code    52  ssp_lpc17xx.o(.text)
    SSP_GetVersion                           0x000010d9   Thumb Code     6  ssp_lpc17xx.o(.text)
    SSP_GetCapabilities                      0x000010df   Thumb Code     6  ssp_lpc17xx.o(.text)
    SSPx_PowerControl                        0x000010e5   Thumb Code   296  ssp_lpc17xx.o(.text)
    SSPx_Send                                0x0000120d   Thumb Code   278  ssp_lpc17xx.o(.text)
    SSPx_Receive                             0x00001323   Thumb Code   282  ssp_lpc17xx.o(.text)
    SSPx_Transfer                            0x0000143d   Thumb Code   292  ssp_lpc17xx.o(.text)
    SSPx_Control                             0x00001561   Thumb Code  1026  ssp_lpc17xx.o(.text)
    SSPx_IRQHandler                          0x0000198d   Thumb Code   206  ssp_lpc17xx.o(.text)
    SSP1_Initialize                          0x00001a5b   Thumb Code     6  ssp_lpc17xx.o(.text)
    SSP1_Uninitialize                        0x00001a61   Thumb Code     6  ssp_lpc17xx.o(.text)
    SSP1_PowerControl                        0x00001a67   Thumb Code     6  ssp_lpc17xx.o(.text)
    SSP1_Send                                0x00001a6d   Thumb Code     6  ssp_lpc17xx.o(.text)
    SSP1_Receive                             0x00001a73   Thumb Code     4  ssp_lpc17xx.o(.text)
    SSP1_Transfer                            0x00001a77   Thumb Code     4  ssp_lpc17xx.o(.text)
    SSP1_GetDataCount                        0x00001a7b   Thumb Code    58  ssp_lpc17xx.o(.text)
    SSP1_Control                             0x00001ab5   Thumb Code     4  ssp_lpc17xx.o(.text)
    SSP1_GetStatus                           0x00001ab9   Thumb Code    28  ssp_lpc17xx.o(.text)
    NVIC_ClearPendingIRQ                     0x00001ae1   Thumb Code    22  ssp_lpc17xx.o(.text)
    SSPx_Initialize                          0x00001af7   Thumb Code   148  ssp_lpc17xx.o(.text)
    SSPx_Uninitialize                        0x00001b8b   Thumb Code    90  ssp_lpc17xx.o(.text)
    .text                                    0x00001be4   Section        0  gpdma_lpc17xx.o(.text)
    NVIC_ClearPendingIRQ                     0x00001def   Thumb Code    22  gpdma_lpc17xx.o(.text)
    Set_Channel_active_flag                  0x00001e05   Thumb Code    38  gpdma_lpc17xx.o(.text)
    Clear_Channel_active_flag                0x00001e2b   Thumb Code    22  gpdma_lpc17xx.o(.text)
    .text                                    0x00001e54   Section        0  gpio_lpc17xx.o(.text)
    .text                                    0x00001ed0   Section        0  pin_lpc17xx.o(.text)
    .text                                    0x00001f68   Section       36  startup_lpc17xx.o(.text)
    .text                                    0x00001f8c   Section        0  system_lpc17xx.o(.text)
    .text                                    0x00002124   Section        0  uldiv.o(.text)
    .text                                    0x00002186   Section        0  memseta.o(.text)
    .text                                    0x000021aa   Section        0  dadd.o(.text)
    .text                                    0x000022f8   Section        0  dmul.o(.text)
    .text                                    0x000023dc   Section        0  ddiv.o(.text)
    .text                                    0x000024ba   Section        0  uidiv.o(.text)
    .text                                    0x000024e6   Section        0  llshl.o(.text)
    .text                                    0x00002504   Section        0  llushr.o(.text)
    .text                                    0x00002524   Section        0  llsshr.o(.text)
    .text                                    0x00002548   Section        0  depilogue.o(.text)
    .text                                    0x00002604   Section       36  init.o(.text)
    i.__0sprintf$6                           0x00002628   Section        0  printf6.o(i.__0sprintf$6)
    i.__scatterload_copy                     0x00002650   Section       14  handlers.o(i.__scatterload_copy)
    i.__scatterload_null                     0x0000265e   Section        2  handlers.o(i.__scatterload_null)
    i.__scatterload_zeroinit                 0x00002660   Section       14  handlers.o(i.__scatterload_zeroinit)
    i._init_box                              0x0000266e   Section        0  rt_membox.o(i._init_box)
    i._printf_core                           0x000026b4   Section        0  printf6.o(i._printf_core)
    _printf_core                             0x000026b5   Thumb Code   748  printf6.o(i._printf_core)
    i._printf_post_padding                   0x000029a4   Section        0  printf6.o(i._printf_post_padding)
    _printf_post_padding                     0x000029a5   Thumb Code    36  printf6.o(i._printf_post_padding)
    i._printf_pre_padding                    0x000029c8   Section        0  printf6.o(i._printf_pre_padding)
    _printf_pre_padding                      0x000029c9   Thumb Code    46  printf6.o(i._printf_pre_padding)
    i._sputc                                 0x000029f6   Section        0  printf6.o(i._sputc)
    _sputc                                   0x000029f7   Thumb Code    10  printf6.o(i._sputc)
    i.dbg_init                               0x00002a00   Section        0  hal_cm.o(i.dbg_init)
    i.dbg_task_notify                        0x00002a30   Section        0  hal_cm.o(i.dbg_task_notify)
    i.dbg_task_switch                        0x00002a50   Section        0  hal_cm.o(i.dbg_task_switch)
    i.isrMessageGet                          0x00002a60   Section        0  rt_cmsis.o(i.isrMessageGet)
    i.isrMessagePut                          0x00002a8a   Section        0  rt_cmsis.o(i.isrMessagePut)
    i.isr_mbx_receive                        0x00002ab8   Section        0  rt_mailbox.o(i.isr_mbx_receive)
    i.isr_mbx_send                           0x00002b0a   Section        0  rt_mailbox.o(i.isr_mbx_send)
    i.osDelay                                0x00002b18   Section        0  rt_cmsis.o(i.osDelay)
    i.osKernelInitialize                     0x00002b30   Section        0  rt_cmsis.o(i.osKernelInitialize)
    i.osKernelStart                          0x00002b54   Section        0  rt_cmsis.o(i.osKernelStart)
    i.osMessageGet                           0x00002bc0   Section        0  rt_cmsis.o(i.osMessageGet)
    i.osThreadCreate                         0x00002bd8   Section        0  rt_cmsis.o(i.osThreadCreate)
    i.osThreadExit                           0x00002c08   Section        0  rt_cmsis.o(i.osThreadExit)
    i.osTimerCall                            0x00002c20   Section        0  rt_cmsis.o(i.osTimerCall)
    i.osTimerThread                          0x00002c2c   Section        0  rt_cmsis.o(i.osTimerThread)
    i.os_tick_init                           0x00002c58   Section        0  rt_system.o(i.os_tick_init)
    i.os_tick_irqack                         0x00002c80   Section        0  rt_system.o(i.os_tick_irqack)
    i.rt_alloc_box                           0x00002c82   Section        0  rt_membox.o(i.rt_alloc_box)
    i.rt_alloc_mem                           0x00002c9c   Section        0  rt_memory.o(i.rt_alloc_mem)
    i.rt_block                               0x00002cdc   Section        0  rt_task.o(i.rt_block)
    i.rt_chk_robin                           0x00002d14   Section        0  rt_robin.o(i.rt_chk_robin)
    i.rt_dec_dly                             0x00002d5c   Section        0  rt_list.o(i.rt_dec_dly)
    i.rt_dispatch                            0x00002dcc   Section        0  rt_task.o(i.rt_dispatch)
    i.rt_dly_wait                            0x00002e10   Section        0  rt_time.o(i.rt_dly_wait)
    i.rt_evt_psh                             0x00002e18   Section        0  rt_event.o(i.rt_evt_psh)
    i.rt_free_box                            0x00002e68   Section        0  rt_membox.o(i.rt_free_box)
    i.rt_free_mem                            0x00002e94   Section        0  rt_memory.o(i.rt_free_mem)
    i.rt_get_first                           0x00002ebc   Section        0  rt_list.o(i.rt_get_first)
    i.rt_id2obj                              0x00002ee4   Section        0  rt_cmsis.o(i.rt_id2obj)
    rt_id2obj                                0x00002ee5   Thumb Code     8  rt_cmsis.o(i.rt_id2obj)
    i.rt_init_context                        0x00002eec   Section        0  rt_task.o(i.rt_init_context)
    rt_init_context                          0x00002eed   Thumb Code    66  rt_task.o(i.rt_init_context)
    i.rt_init_mem                            0x00002f34   Section        0  rt_memory.o(i.rt_init_mem)
    i.rt_init_robin                          0x00002f50   Section        0  rt_robin.o(i.rt_init_robin)
    i.rt_init_stack                          0x00002f68   Section        0  hal_cm.o(i.rt_init_stack)
    i.rt_mbx_check                           0x00002fe8   Section        0  rt_mailbox.o(i.rt_mbx_check)
    i.rt_mbx_init                            0x00002ff0   Section        0  rt_mailbox.o(i.rt_mbx_init)
    i.rt_mbx_psh                             0x0000300c   Section        0  rt_mailbox.o(i.rt_mbx_psh)
    i.rt_mbx_wait                            0x000030fc   Section        0  rt_mailbox.o(i.rt_mbx_wait)
    i.rt_ms2tick                             0x000031b0   Section        0  rt_cmsis.o(i.rt_ms2tick)
    rt_ms2tick                               0x000031b1   Thumb Code    60  rt_cmsis.o(i.rt_ms2tick)
    i.rt_pop_req                             0x000031f4   Section        0  rt_system.o(i.rt_pop_req)
    i.rt_psh_req                             0x00003270   Section        0  rt_system.o(i.rt_psh_req)
    i.rt_psq_enq                             0x00003290   Section        0  rt_list.o(i.rt_psq_enq)
    i.rt_put_dly                             0x000032ec   Section        0  rt_list.o(i.rt_put_dly)
    i.rt_put_prio                            0x00003334   Section        0  rt_list.o(i.rt_put_prio)
    i.rt_put_rdy_first                       0x0000336c   Section        0  rt_list.o(i.rt_put_rdy_first)
    i.rt_resort_prio                         0x00003380   Section        0  rt_list.o(i.rt_resort_prio)
    i.rt_ret_val                             0x000033b4   Section        0  hal_cm.o(i.rt_ret_val)
    i.rt_ret_val2                            0x000033ba   Section        0  hal_cm.o(i.rt_ret_val2)
    i.rt_rmv_dly                             0x000033c2   Section        0  rt_list.o(i.rt_rmv_dly)
    i.rt_rmv_list                            0x000033ec   Section        0  rt_list.o(i.rt_rmv_list)
    i.rt_sem_psh                             0x0000341c   Section        0  rt_semaphore.o(i.rt_sem_psh)
    i.rt_stk_check                           0x00003450   Section        0  rt_system.o(i.rt_stk_check)
    i.rt_switch_req                          0x00003474   Section        0  rt_task.o(i.rt_switch_req)
    i.rt_sys_init                            0x0000349c   Section        0  rt_task.o(i.rt_sys_init)
    i.rt_sys_start                           0x00003568   Section        0  rt_task.o(i.rt_sys_start)
    i.rt_systick                             0x000035e0   Section        0  rt_system.o(i.rt_systick)
    i.rt_tid2ptcb                            0x00003620   Section        0  rt_cmsis.o(i.rt_tid2ptcb)
    rt_tid2ptcb                              0x00003621   Thumb Code    18  rt_cmsis.o(i.rt_tid2ptcb)
    i.rt_timer_insert                        0x00003634   Section        0  rt_cmsis.o(i.rt_timer_insert)
    rt_timer_insert                          0x00003635   Thumb Code    48  rt_cmsis.o(i.rt_timer_insert)
    i.rt_tsk_create                          0x00003668   Section        0  rt_task.o(i.rt_tsk_create)
    i.rt_tsk_delete                          0x000036f0   Section        0  rt_task.o(i.rt_tsk_delete)
    i.rt_tsk_prio                            0x00003868   Section        0  rt_task.o(i.rt_tsk_prio)
    i.rt_tsk_self                            0x000038e4   Section        0  rt_task.o(i.rt_tsk_self)
    i.svcDelay                               0x000038f4   Section        0  rt_cmsis.o(i.svcDelay)
    i.svcKernelInitialize                    0x00003908   Section        0  rt_cmsis.o(i.svcKernelInitialize)
    i.svcKernelStart                         0x00003978   Section        0  rt_cmsis.o(i.svcKernelStart)
    i.svcMessageCreate                       0x000039c0   Section        0  rt_cmsis.o(i.svcMessageCreate)
    i.svcMessageGet                          0x000039e4   Section        0  rt_cmsis.o(i.svcMessageGet)
    i.svcThreadCreate                        0x00003a20   Section        0  rt_cmsis.o(i.svcThreadCreate)
    i.svcThreadGetId                         0x00003a90   Section        0  rt_cmsis.o(i.svcThreadGetId)
    i.svcThreadTerminate                     0x00003aac   Section        0  rt_cmsis.o(i.svcThreadTerminate)
    i.svcTimerCall                           0x00003ae4   Section        0  rt_cmsis.o(i.svcTimerCall)
    i.sysTimerTick                           0x00003afc   Section        0  rt_cmsis.o(i.sysTimerTick)
    .constdata                               0x00003b58   Section     5376  glcd_fonts.o(.constdata)
    Font_16x24_h                             0x00003b58   Data        5376  glcd_fonts.o(.constdata)
    .constdata                               0x00005058   Section       16  glcd_fonts.o(.constdata)
    .constdata                               0x00005068   Section        2  rtx_conf_cm.o(.constdata)
    .constdata                               0x0000506c   Section        4  rtx_conf_cm.o(.constdata)
    .constdata                               0x00005070   Section        4  rtx_conf_cm.o(.constdata)
    .constdata                               0x00005074   Section        4  rtx_conf_cm.o(.constdata)
    .constdata                               0x00005078   Section        1  rtx_conf_cm.o(.constdata)
    .constdata                               0x0000507c   Section       16  rtx_conf_cm.o(.constdata)
    __tagsym$$used                           0x0000507c   Number         0  rtx_conf_cm.o(.constdata)
    __tagsym$$used                           0x00005080   Number         0  rtx_conf_cm.o(.constdata)
    __tagsym$$used                           0x00005084   Number         0  rtx_conf_cm.o(.constdata)
    __tagsym$$used                           0x00005088   Number         0  rtx_conf_cm.o(.constdata)
    .constdata                               0x0000508c   Section        2  rtx_conf_cm.o(.constdata)
    .constdata                               0x00005090   Section        4  rtx_conf_cm.o(.constdata)
    .constdata                               0x00005094   Section        4  rtx_conf_cm.o(.constdata)
    .constdata                               0x00005098   Section        1  rtx_conf_cm.o(.constdata)
    .constdata                               0x0000509c   Section       16  rtx_conf_cm.o(.constdata)
    .constdata                               0x000050ac   Section        8  rtx_conf_cm.o(.constdata)
    .constdata                               0x000050b4   Section        2  rtx_conf_cm.o(.constdata)
    .constdata                               0x000050b8   Section       76  ssp_lpc17xx.o(.constdata)
    DriverVersion                            0x000050b8   Data           4  ssp_lpc17xx.o(.constdata)
    DriverCapabilities                       0x000050bc   Data           4  ssp_lpc17xx.o(.constdata)
    SSP1_Resources                           0x000050c0   Data          68  ssp_lpc17xx.o(.constdata)
    .constdata                               0x00005104   Section       44  ssp_lpc17xx.o(.constdata)
    .data                                    0x10000000   Section        4  adc_mcb1700.o(.data)
    AD_done                                  0x10000000   Data           1  adc_mcb1700.o(.data)
    AD_last                                  0x10000002   Data           2  adc_mcb1700.o(.data)
    .data                                    0x10000004   Section       20  glcd_mcb1700.o(.data)
    Himax                                    0x10000004   Data           1  glcd_mcb1700.o(.data)
    foreground_color                         0x10000006   Data           2  glcd_mcb1700.o(.data)
    background_color                         0x10000008   Data           2  glcd_mcb1700.o(.data)
    active_font                              0x1000000c   Data           4  glcd_mcb1700.o(.data)
    spi1_pins                                0x10000010   Data           8  glcd_mcb1700.o(.data)
    .data                                    0x10000018   Section        4  rtx_conf_cm.o(.data)
    .data                                    0x1000001c   Section       16  rtx_conf_cm.o(.data)
    .data                                    0x1000002c   Section        4  rtx_conf_cm.o(.data)
    .data                                    0x10000030   Section        4  rtx_conf_cm.o(.data)
    .data                                    0x10000034   Section        8  ssp_lpc17xx.o(.data)
    dummy_data                               0x10000034   Data           4  ssp_lpc17xx.o(.data)
    dummy_data                               0x10000038   Data           4  ssp_lpc17xx.o(.data)
    .data                                    0x1000003c   Section        8  gpdma_lpc17xx.o(.data)
    Channel_active                           0x1000003c   Data           4  gpdma_lpc17xx.o(.data)
    Init_cnt                                 0x10000040   Data           4  gpdma_lpc17xx.o(.data)
    .data                                    0x10000044   Section        4  system_lpc17xx.o(.data)
    .data                                    0x10000048   Section        8  rt_cmsis.o(.data)
    .data                                    0x10000050   Section        8  rt_task.o(.data)
    .data                                    0x10000058   Section        8  rt_system.o(.data)
    os_lock                                  0x10000058   Data           1  rt_system.o(.data)
    os_psh_flag                              0x10000059   Data           1  rt_system.o(.data)
    pend_flags                               0x1000005a   Data           1  rt_system.o(.data)
    .data                                    0x10000060   Section        4  rt_time.o(.data)
    .data                                    0x10000064   Section        1  hal_cm.o(.data)
    .data                                    0x10000068   Section        8  rt_robin.o(.data)
    .bss                                     0x10000070   Section      152  demo.o(.bss)
    triangle                                 0x10000088   Data         128  demo.o(.bss)
    .bss                                     0x10000108   Section       32  rtx_conf_cm.o(.bss)
    .bss                                     0x10000128   Section      168  rtx_conf_cm.o(.bss)
    .bss                                     0x100001d0   Section      608  rtx_conf_cm.o(.bss)
    .bss                                     0x10000430   Section      832  rtx_conf_cm.o(.bss)
    .bss                                     0x10000770   Section      132  rtx_conf_cm.o(.bss)
    .bss                                     0x100007f4   Section       12  rtx_conf_cm.o(.bss)
    .bss                                     0x10000800   Section       12  ssp_lpc17xx.o(.bss)
    SSP1_Info                                0x10000800   Data          12  ssp_lpc17xx.o(.bss)
    .bss                                     0x1000080c   Section       28  ssp_lpc17xx.o(.bss)
    SSP1_Xfer                                0x1000080c   Data          28  ssp_lpc17xx.o(.bss)
    .bss                                     0x10000828   Section       64  gpdma_lpc17xx.o(.bss)
    Channel_transfer_sz                      0x10000828   Data          32  gpdma_lpc17xx.o(.bss)
    GPDMA_cb_event                           0x10000848   Data          32  gpdma_lpc17xx.o(.bss)
    .bss                                     0x10000868   Section       52  rt_task.o(.bss)
    .bss                                     0x1000089c   Section       48  rt_list.o(.bss)
    STACK                                    0x100008d0   Section      512  startup_lpc17xx.o(STACK)

    Global Symbols

    Symbol Name                              Value     Ov Type        Size  Object(Section)

    BuildAttributes$$THM_ISAv4$P$D$K$B$S$PE$A:L22UL41UL21$X:L11$S22US41US21$IEEE1$IW$USESV6$~STKCKD$USESV7$~SHL$OSPACE$ROPI$EBA8$MICROLIB$REQ8$PRES8$EABIv2 0x00000000   Number         0  anon$$obj.o ABSOLUTE
    __ARM_use_no_argv                        0x00000000   Number         0  demo.o ABSOLUTE
    __Vectors                                0x00000000   Data           4  startup_lpc17xx.o(RESET)
    _printf_a                                0x00000000   Number         0  stubs.o ABSOLUTE
    _printf_c                                0x00000000   Number         0  stubs.o ABSOLUTE
    _printf_charcount                        0x00000000   Number         0  stubs.o ABSOLUTE
    _printf_d                                0x00000000   Number         0  stubs.o ABSOLUTE
    _printf_e                                0x00000000   Number         0  stubs.o ABSOLUTE
    _printf_f                                0x00000000   Number         0  stubs.o ABSOLUTE
    _printf_flags                            0x00000000   Number         0  stubs.o ABSOLUTE
    _printf_fp_dec                           0x00000000   Number         0  stubs.o ABSOLUTE
    _printf_fp_hex                           0x00000000   Number         0  stubs.o ABSOLUTE
    _printf_g                                0x00000000   Number         0  stubs.o ABSOLUTE
    _printf_i                                0x00000000   Number         0  stubs.o ABSOLUTE
    _printf_int_dec                          0x00000000   Number         0  stubs.o ABSOLUTE
    _printf_l                                0x00000000   Number         0  stubs.o ABSOLUTE
    _printf_lc                               0x00000000   Number         0  stubs.o ABSOLUTE
    _printf_ll                               0x00000000   Number         0  stubs.o ABSOLUTE
    _printf_lld                              0x00000000   Number         0  stubs.o ABSOLUTE
    _printf_lli                              0x00000000   Number         0  stubs.o ABSOLUTE
    _printf_llo                              0x00000000   Number         0  stubs.o ABSOLUTE
    _printf_llu                              0x00000000   Number         0  stubs.o ABSOLUTE
    _printf_llx                              0x00000000   Number         0  stubs.o ABSOLUTE
    _printf_longlong_dec                     0x00000000   Number         0  stubs.o ABSOLUTE
    _printf_longlong_hex                     0x00000000   Number         0  stubs.o ABSOLUTE
    _printf_longlong_oct                     0x00000000   Number         0  stubs.o ABSOLUTE
    _printf_ls                               0x00000000   Number         0  stubs.o ABSOLUTE
    _printf_mbtowc                           0x00000000   Number         0  stubs.o ABSOLUTE
    _printf_n                                0x00000000   Number         0  stubs.o ABSOLUTE
    _printf_o                                0x00000000   Number         0  stubs.o ABSOLUTE
    _printf_p                                0x00000000   Number         0  stubs.o ABSOLUTE
    _printf_percent                          0x00000000   Number         0  stubs.o ABSOLUTE
    _printf_pre_padding                      0x00000000   Number         0  stubs.o ABSOLUTE
    _printf_return_value                     0x00000000   Number         0  stubs.o ABSOLUTE
    _printf_s                                0x00000000   Number         0  stubs.o ABSOLUTE
    _printf_sizespec                         0x00000000   Number         0  stubs.o ABSOLUTE
    _printf_str                              0x00000000   Number         0  stubs.o ABSOLUTE
    _printf_truncate_signed                  0x00000000   Number         0  stubs.o ABSOLUTE
    _printf_truncate_unsigned                0x00000000   Number         0  stubs.o ABSOLUTE
    _printf_u                                0x00000000   Number         0  stubs.o ABSOLUTE
    _printf_wc                               0x00000000   Number         0  stubs.o ABSOLUTE
    _printf_wctomb                           0x00000000   Number         0  stubs.o ABSOLUTE
    _printf_widthprec                        0x00000000   Number         0  stubs.o ABSOLUTE
    _printf_x                                0x00000000   Number         0  stubs.o ABSOLUTE
    __cpp_initialize__aeabi_                  - Undefined Weak Reference
    __cxa_finalize                            - Undefined Weak Reference
    __decompress                              - Undefined Weak Reference
    _clock_init                               - Undefined Weak Reference
    _microlib_exit                            - Undefined Weak Reference
    __main                                   0x000000cd   Thumb Code     0  entry.o(.ARM.Collect$$$$00000000)
    _main_stk                                0x000000cd   Thumb Code     0  entry2.o(.ARM.Collect$$$$00000001)
    _main_scatterload                        0x000000d1   Thumb Code     0  entry5.o(.ARM.Collect$$$$00000004)
    __main_after_scatterload                 0x000000d5   Thumb Code     0  entry5.o(.ARM.Collect$$$$00000004)
    __rt_final_cpp                           0x000000d5   Thumb Code     0  entry10a.o(.ARM.Collect$$$$0000000D)
    __rt_final_exit                          0x000000d5   Thumb Code     0  entry11a.o(.ARM.Collect$$$$0000000F)
    _main_clock                              0x000000d5   Thumb Code     0  entry7b.o(.ARM.Collect$$$$00000008)
    _main_cpp_init                           0x000000d5   Thumb Code     0  entry8b.o(.ARM.Collect$$$$0000000A)
    _main_init                               0x000000d5   Thumb Code    18  rtx_conf_cm.o(.ARM.Collect$$$$000000FF)
    rt_set_PSP                               0x000000f1   Thumb Code     6  hal_cm3.o(.emb_text)
    rt_get_PSP                               0x000000f7   Thumb Code     6  hal_cm3.o(.emb_text)
    os_set_env                               0x000000fd   Thumb Code    24  hal_cm3.o(.emb_text)
    _alloc_box                               0x00000119   Thumb Code    28  hal_cm3.o(.emb_text)
    _free_box                                0x00000139   Thumb Code    28  hal_cm3.o(.emb_text)
    SVC_Handler                              0x00000159   Thumb Code   108  hal_cm3.o(.emb_text)
    PendSV_Handler                           0x000001d1   Thumb Code    56  hal_cm3.o(.emb_text)
    SysTick_Handler                          0x0000020d   Thumb Code     8  hal_cm3.o(.emb_text)
    OS_Tick_Handler                          0x00000215   Thumb Code    12  hal_cm3.o(.emb_text)
    ADC_Initialize                           0x00000221   Thumb Code    52  adc_mcb1700.o(.text)
    ADC_Uninitialize                         0x00000255   Thumb Code    56  adc_mcb1700.o(.text)
    ADC_StartConversion                      0x0000028d   Thumb Code    22  adc_mcb1700.o(.text)
    ADC_ConversionDone                       0x000002a3   Thumb Code    16  adc_mcb1700.o(.text)
    ADC_GetValue                             0x000002b3   Thumb Code    20  adc_mcb1700.o(.text)
    ADC_GetResolution                        0x000002c7   Thumb Code     4  adc_mcb1700.o(.text)
    ADC_IRQHandler                           0x000002cb   Thumb Code    24  adc_mcb1700.o(.text)
    os_idle_demon                            0x000002f5   Thumb Code     2  rtx_conf_cm.o(.text)
    os_error                                 0x000002f7   Thumb Code     2  rtx_conf_cm.o(.text)
    SVC_Count                                0x000002f8   Data           4  svc_table.o(SVC_TABLE)
    __I$use$fp                               0x000002f9   Thumb Code     0  iusefp.o(.text)
    SVC_Table                                0x000002fc   Data           0  svc_table.o(SVC_TABLE)
    map                                      0x00000301   Thumb Code    80  demo.o(.text)
    ADC_Init                                 0x00000351   Thumb Code    58  demo.o(.text)
    Start_Converstion                        0x0000038b   Thumb Code    12  demo.o(.text)
    Get_ADC_value                            0x00000397   Thumb Code    16  demo.o(.text)
    Beep                                     0x000003a7   Thumb Code    60  demo.o(.text)
    initDMA                                  0x000003e3   Thumb Code    72  demo.o(.text)
    main                                     0x0000042b   Thumb Code   220  demo.o(.text)
    __RL_RTX_VER                             0x00000479   Number         0  rt_system.o ABSOLUTE
    GLCD_SetWindow                           0x000006ed   Thumb Code   148  glcd_mcb1700.o(.text)
    GLCD_WindowMax                           0x00000781   Thumb Code    12  glcd_mcb1700.o(.text)
    GLCD_Initialize                          0x0000078d   Thumb Code  1458  glcd_mcb1700.o(.text)
    GLCD_Uninitialize                        0x00000d3f   Thumb Code    28  glcd_mcb1700.o(.text)
    GLCD_SetForegroundColor                  0x00000d5b   Thumb Code     8  glcd_mcb1700.o(.text)
    GLCD_SetBackgroundColor                  0x00000d63   Thumb Code     8  glcd_mcb1700.o(.text)
    GLCD_ClearScreen                         0x00000d6b   Thumb Code    44  glcd_mcb1700.o(.text)
    GLCD_SetFont                             0x00000d97   Thumb Code     8  glcd_mcb1700.o(.text)
    GLCD_DrawPixel                           0x00000d9f   Thumb Code   152  glcd_mcb1700.o(.text)
    GLCD_DrawHLine                           0x00000e37   Thumb Code    42  glcd_mcb1700.o(.text)
    GLCD_DrawVLine                           0x00000e61   Thumb Code    44  glcd_mcb1700.o(.text)
    GLCD_DrawRectangle                       0x00000e8d   Thumb Code    52  glcd_mcb1700.o(.text)
    GLCD_DrawChar                            0x00000ec1   Thumb Code   128  glcd_mcb1700.o(.text)
    GLCD_DrawString                          0x00000f41   Thumb Code    40  glcd_mcb1700.o(.text)
    GLCD_DrawBargraph                        0x00000f69   Thumb Code    82  glcd_mcb1700.o(.text)
    GLCD_DrawBitmap                          0x00000fbb   Thumb Code    78  glcd_mcb1700.o(.text)
    GLCD_VScroll                             0x00001009   Thumb Code     6  glcd_mcb1700.o(.text)
    GLCD_FrameBufferAccess                   0x0000100f   Thumb Code     6  glcd_mcb1700.o(.text)
    GLCD_FrameBufferAddress                  0x00001015   Thumb Code     4  glcd_mcb1700.o(.text)
    SSPx_GPDMA_Tx_SignalEvent                0x00001963   Thumb Code    12  ssp_lpc17xx.o(.text)
    SSPx_GPDMA_Rx_SignalEvent                0x0000196f   Thumb Code    30  ssp_lpc17xx.o(.text)
    SSP1_GPDMA_Tx_SignalEvent                0x00001ad5   Thumb Code     4  ssp_lpc17xx.o(.text)
    SSP1_GPDMA_Rx_SignalEvent                0x00001ad9   Thumb Code     4  ssp_lpc17xx.o(.text)
    SSP1_IRQHandler                          0x00001add   Thumb Code     4  ssp_lpc17xx.o(.text)
    GPDMA_Initialize                         0x00001be5   Thumb Code    82  gpdma_lpc17xx.o(.text)
    GPDMA_Uninitialize                       0x00001c37   Thumb Code    56  gpdma_lpc17xx.o(.text)
    GPDMA_PeripheralSelect                   0x00001c6f   Thumb Code    46  gpdma_lpc17xx.o(.text)
    GPDMA_ChannelConfigure                   0x00001c9d   Thumb Code   118  gpdma_lpc17xx.o(.text)
    GPDMA_ChannelEnable                      0x00001d13   Thumb Code    46  gpdma_lpc17xx.o(.text)
    GPDMA_ChannelDisable                     0x00001d41   Thumb Code    40  gpdma_lpc17xx.o(.text)
    GPDMA_ChannelGetStatus                   0x00001d69   Thumb Code    24  gpdma_lpc17xx.o(.text)
    GPDMA_ChannelGetCount                    0x00001d81   Thumb Code    32  gpdma_lpc17xx.o(.text)
    DMA_IRQHandler                           0x00001da1   Thumb Code    78  gpdma_lpc17xx.o(.text)
    GPIO_PortClock                           0x00001e55   Thumb Code    24  gpio_lpc17xx.o(.text)
    GPIO_SetDir                              0x00001e6d   Thumb Code    26  gpio_lpc17xx.o(.text)
    GPIO_PinWrite                            0x00001e87   Thumb Code    20  gpio_lpc17xx.o(.text)
    GPIO_PinRead                             0x00001e9b   Thumb Code    20  gpio_lpc17xx.o(.text)
    GPIO_PortWrite                           0x00001eaf   Thumb Code    14  gpio_lpc17xx.o(.text)
    GPIO_PortRead                            0x00001ebd   Thumb Code    10  gpio_lpc17xx.o(.text)
    PIN_Configure                            0x00001ed1   Thumb Code   100  pin_lpc17xx.o(.text)
    PIN_ConfigureTPIU                        0x00001f35   Thumb Code    24  pin_lpc17xx.o(.text)
    PIN_ConfigureI2C0Pins                    0x00001f4d   Thumb Code    22  pin_lpc17xx.o(.text)
    Reset_Handler                            0x00001f69   Thumb Code     8  startup_lpc17xx.o(.text)
    NMI_Handler                              0x00001f71   Thumb Code     2  startup_lpc17xx.o(.text)
    HardFault_Handler                        0x00001f73   Thumb Code     2  startup_lpc17xx.o(.text)
    MemManage_Handler                        0x00001f75   Thumb Code     2  startup_lpc17xx.o(.text)
    BusFault_Handler                         0x00001f77   Thumb Code     2  startup_lpc17xx.o(.text)
    UsageFault_Handler                       0x00001f79   Thumb Code     2  startup_lpc17xx.o(.text)
    DebugMon_Handler                         0x00001f7d   Thumb Code     2  startup_lpc17xx.o(.text)
    BOD_IRQHandler                           0x00001f83   Thumb Code     0  startup_lpc17xx.o(.text)
    CANActivity_IRQHandler                   0x00001f83   Thumb Code     0  startup_lpc17xx.o(.text)
    CAN_IRQHandler                           0x00001f83   Thumb Code     0  startup_lpc17xx.o(.text)
    EINT0_IRQHandler                         0x00001f83   Thumb Code     0  startup_lpc17xx.o(.text)
    EINT1_IRQHandler                         0x00001f83   Thumb Code     0  startup_lpc17xx.o(.text)
    EINT2_IRQHandler                         0x00001f83   Thumb Code     0  startup_lpc17xx.o(.text)
    EINT3_IRQHandler                         0x00001f83   Thumb Code     0  startup_lpc17xx.o(.text)
    ENET_IRQHandler                          0x00001f83   Thumb Code     0  startup_lpc17xx.o(.text)
    I2C0_IRQHandler                          0x00001f83   Thumb Code     0  startup_lpc17xx.o(.text)
    I2C1_IRQHandler                          0x00001f83   Thumb Code     0  startup_lpc17xx.o(.text)
    I2C2_IRQHandler                          0x00001f83   Thumb Code     0  startup_lpc17xx.o(.text)
    I2S_IRQHandler                           0x00001f83   Thumb Code     0  startup_lpc17xx.o(.text)
    MCPWM_IRQHandler                         0x00001f83   Thumb Code     0  startup_lpc17xx.o(.text)
    PLL0_IRQHandler                          0x00001f83   Thumb Code     0  startup_lpc17xx.o(.text)
    PLL1_IRQHandler                          0x00001f83   Thumb Code     0  startup_lpc17xx.o(.text)
    PWM1_IRQHandler                          0x00001f83   Thumb Code     0  startup_lpc17xx.o(.text)
    QEI_IRQHandler                           0x00001f83   Thumb Code     0  startup_lpc17xx.o(.text)
    RIT_IRQHandler                           0x00001f83   Thumb Code     0  startup_lpc17xx.o(.text)
    RTC_IRQHandler                           0x00001f83   Thumb Code     0  startup_lpc17xx.o(.text)
    SPI_IRQHandler                           0x00001f83   Thumb Code     0  startup_lpc17xx.o(.text)
    SSP0_IRQHandler                          0x00001f83   Thumb Code     0  startup_lpc17xx.o(.text)
    TIMER0_IRQHandler                        0x00001f83   Thumb Code     0  startup_lpc17xx.o(.text)
    TIMER1_IRQHandler                        0x00001f83   Thumb Code     0  startup_lpc17xx.o(.text)
    TIMER2_IRQHandler                        0x00001f83   Thumb Code     0  startup_lpc17xx.o(.text)
    TIMER3_IRQHandler                        0x00001f83   Thumb Code     0  startup_lpc17xx.o(.text)
    UART0_IRQHandler                         0x00001f83   Thumb Code     0  startup_lpc17xx.o(.text)
    UART1_IRQHandler                         0x00001f83   Thumb Code     0  startup_lpc17xx.o(.text)
    UART2_IRQHandler                         0x00001f83   Thumb Code     0  startup_lpc17xx.o(.text)
    UART3_IRQHandler                         0x00001f83   Thumb Code     0  startup_lpc17xx.o(.text)
    USBActivity_IRQHandler                   0x00001f83   Thumb Code     0  startup_lpc17xx.o(.text)
    USB_IRQHandler                           0x00001f83   Thumb Code     0  startup_lpc17xx.o(.text)
    WDT_IRQHandler                           0x00001f83   Thumb Code     0  startup_lpc17xx.o(.text)
    SystemCoreClockUpdate                    0x00001f8d   Thumb Code   184  system_lpc17xx.o(.text)
    SystemInit                               0x00002045   Thumb Code   192  system_lpc17xx.o(.text)
    __aeabi_uldivmod                         0x00002125   Thumb Code    98  uldiv.o(.text)
    __aeabi_memset                           0x00002187   Thumb Code    14  memseta.o(.text)
    __aeabi_memset4                          0x00002187   Thumb Code     0  memseta.o(.text)
    __aeabi_memset8                          0x00002187   Thumb Code     0  memseta.o(.text)
    __aeabi_memclr                           0x00002195   Thumb Code     4  memseta.o(.text)
    __aeabi_memclr4                          0x00002195   Thumb Code     0  memseta.o(.text)
    __aeabi_memclr8                          0x00002195   Thumb Code     0  memseta.o(.text)
    _memset$wrapper                          0x00002199   Thumb Code    18  memseta.o(.text)
    __aeabi_dadd                             0x000021ab   Thumb Code   322  dadd.o(.text)
    __aeabi_dsub                             0x000022ed   Thumb Code     6  dadd.o(.text)
    __aeabi_drsub                            0x000022f3   Thumb Code     6  dadd.o(.text)
    __aeabi_dmul                             0x000022f9   Thumb Code   228  dmul.o(.text)
    __aeabi_ddiv                             0x000023dd   Thumb Code   222  ddiv.o(.text)
    __aeabi_uidiv                            0x000024bb   Thumb Code     0  uidiv.o(.text)
    __aeabi_uidivmod                         0x000024bb   Thumb Code    44  uidiv.o(.text)
    __aeabi_llsl                             0x000024e7   Thumb Code    30  llshl.o(.text)
    _ll_shift_l                              0x000024e7   Thumb Code     0  llshl.o(.text)
    __aeabi_llsr                             0x00002505   Thumb Code    32  llushr.o(.text)
    _ll_ushift_r                             0x00002505   Thumb Code     0  llushr.o(.text)
    __aeabi_lasr                             0x00002525   Thumb Code    36  llsshr.o(.text)
    _ll_sshift_r                             0x00002525   Thumb Code     0  llsshr.o(.text)
    _double_round                            0x00002549   Thumb Code    30  depilogue.o(.text)
    _double_epilogue                         0x00002567   Thumb Code   156  depilogue.o(.text)
    __scatterload                            0x00002605   Thumb Code    28  init.o(.text)
    __scatterload_rt2                        0x00002605   Thumb Code     0  init.o(.text)
    __0sprintf$6                             0x00002629   Thumb Code    34  printf6.o(i.__0sprintf$6)
    __1sprintf$6                             0x00002629   Thumb Code     0  printf6.o(i.__0sprintf$6)
    __2sprintf                               0x00002629   Thumb Code     0  printf6.o(i.__0sprintf$6)
    __scatterload_copy                       0x00002651   Thumb Code    14  handlers.o(i.__scatterload_copy)
    __scatterload_null                       0x0000265f   Thumb Code     2  handlers.o(i.__scatterload_null)
    __scatterload_zeroinit                   0x00002661   Thumb Code    14  handlers.o(i.__scatterload_zeroinit)
    _init_box                                0x0000266f   Thumb Code    70  rt_membox.o(i._init_box)
    dbg_init                                 0x00002a01   Thumb Code    34  hal_cm.o(i.dbg_init)
    dbg_task_notify                          0x00002a31   Thumb Code    32  hal_cm.o(i.dbg_task_notify)
    dbg_task_switch                          0x00002a51   Thumb Code    16  hal_cm.o(i.dbg_task_switch)
    isrMessageGet                            0x00002a61   Thumb Code    42  rt_cmsis.o(i.isrMessageGet)
    isrMessagePut                            0x00002a8b   Thumb Code    44  rt_cmsis.o(i.isrMessagePut)
    isr_mbx_receive                          0x00002ab9   Thumb Code    82  rt_mailbox.o(i.isr_mbx_receive)
    isr_mbx_send                             0x00002b0b   Thumb Code    14  rt_mailbox.o(i.isr_mbx_send)
    osDelay                                  0x00002b19   Thumb Code    18  rt_cmsis.o(i.osDelay)
    osKernelInitialize                       0x00002b31   Thumb Code    30  rt_cmsis.o(i.osKernelInitialize)
    osKernelStart                            0x00002b55   Thumb Code    98  rt_cmsis.o(i.osKernelStart)
    osMessageGet                             0x00002bc1   Thumb Code    18  rt_cmsis.o(i.osMessageGet)
    osThreadCreate                           0x00002bd9   Thumb Code    38  rt_cmsis.o(i.osThreadCreate)
    osThreadExit                             0x00002c09   Thumb Code    14  rt_cmsis.o(i.osThreadExit)
    osTimerCall                              0x00002c21   Thumb Code     8  rt_cmsis.o(i.osTimerCall)
    osTimerThread                            0x00002c2d   Thumb Code    38  rt_cmsis.o(i.osTimerThread)
    os_tick_init                             0x00002c59   Thumb Code    32  rt_system.o(i.os_tick_init)
    os_tick_irqack                           0x00002c81   Thumb Code     2  rt_system.o(i.os_tick_irqack)
    rt_alloc_box                             0x00002c83   Thumb Code    26  rt_membox.o(i.rt_alloc_box)
    rt_alloc_mem                             0x00002c9d   Thumb Code    62  rt_memory.o(i.rt_alloc_mem)
    rt_block                                 0x00002cdd   Thumb Code    48  rt_task.o(i.rt_block)
    rt_chk_robin                             0x00002d15   Thumb Code    60  rt_robin.o(i.rt_chk_robin)
    rt_dec_dly                               0x00002d5d   Thumb Code   102  rt_list.o(i.rt_dec_dly)
    rt_dispatch                              0x00002dcd   Thumb Code    60  rt_task.o(i.rt_dispatch)
    rt_dly_wait                              0x00002e11   Thumb Code     6  rt_time.o(i.rt_dly_wait)
    rt_evt_psh                               0x00002e19   Thumb Code    76  rt_event.o(i.rt_evt_psh)
    rt_free_box                              0x00002e69   Thumb Code    44  rt_membox.o(i.rt_free_box)
    rt_free_mem                              0x00002e95   Thumb Code    40  rt_memory.o(i.rt_free_mem)
    rt_get_first                             0x00002ebd   Thumb Code    40  rt_list.o(i.rt_get_first)
    rt_init_mem                              0x00002f35   Thumb Code    26  rt_memory.o(i.rt_init_mem)
    rt_init_robin                            0x00002f51   Thumb Code    14  rt_robin.o(i.rt_init_robin)
    rt_init_stack                            0x00002f69   Thumb Code   118  hal_cm.o(i.rt_init_stack)
    rt_mbx_check                             0x00002fe9   Thumb Code     8  rt_mailbox.o(i.rt_mbx_check)
    rt_mbx_init                              0x00002ff1   Thumb Code    26  rt_mailbox.o(i.rt_mbx_init)
    rt_mbx_psh                               0x0000300d   Thumb Code   236  rt_mailbox.o(i.rt_mbx_psh)
    rt_mbx_wait                              0x000030fd   Thumb Code   174  rt_mailbox.o(i.rt_mbx_wait)
    rt_pop_req                               0x000031f5   Thumb Code   112  rt_system.o(i.rt_pop_req)
    rt_psh_req                               0x00003271   Thumb Code    22  rt_system.o(i.rt_psh_req)
    rt_psq_enq                               0x00003291   Thumb Code    88  rt_list.o(i.rt_psq_enq)
    rt_put_dly                               0x000032ed   Thumb Code    68  rt_list.o(i.rt_put_dly)
    rt_put_prio                              0x00003335   Thumb Code    54  rt_list.o(i.rt_put_prio)
    rt_put_rdy_first                         0x0000336d   Thumb Code    14  rt_list.o(i.rt_put_rdy_first)
    rt_resort_prio                           0x00003381   Thumb Code    46  rt_list.o(i.rt_resort_prio)
    rt_ret_val                               0x000033b5   Thumb Code     6  hal_cm.o(i.rt_ret_val)
    rt_ret_val2                              0x000033bb   Thumb Code     8  hal_cm.o(i.rt_ret_val2)
    rt_rmv_dly                               0x000033c3   Thumb Code    40  rt_list.o(i.rt_rmv_dly)
    rt_rmv_list                              0x000033ed   Thumb Code    44  rt_list.o(i.rt_rmv_list)
    rt_sem_psh                               0x0000341d   Thumb Code    48  rt_semaphore.o(i.rt_sem_psh)
    rt_stk_check                             0x00003451   Thumb Code    28  rt_system.o(i.rt_stk_check)
    rt_switch_req                            0x00003475   Thumb Code    30  rt_task.o(i.rt_switch_req)
    rt_sys_init                              0x0000349d   Thumb Code   138  rt_task.o(i.rt_sys_init)
    rt_sys_start                             0x00003569   Thumb Code   110  rt_task.o(i.rt_sys_start)
    rt_systick                               0x000035e1   Thumb Code    50  rt_system.o(i.rt_systick)
    rt_tsk_create                            0x00003669   Thumb Code   120  rt_task.o(i.rt_tsk_create)
    rt_tsk_delete                            0x000036f1   Thumb Code   346  rt_task.o(i.rt_tsk_delete)
    rt_tsk_prio                              0x00003869   Thumb Code   108  rt_task.o(i.rt_tsk_prio)
    rt_tsk_self                              0x000038e5   Thumb Code    12  rt_task.o(i.rt_tsk_self)
    svcDelay                                 0x000038f5   Thumb Code    18  rt_cmsis.o(i.svcDelay)
    svcKernelInitialize                      0x00003909   Thumb Code    80  rt_cmsis.o(i.svcKernelInitialize)
    svcKernelStart                           0x00003979   Thumb Code    62  rt_cmsis.o(i.svcKernelStart)
    svcMessageCreate                         0x000039c1   Thumb Code    36  rt_cmsis.o(i.svcMessageCreate)
    svcMessageGet                            0x000039e5   Thumb Code    58  rt_cmsis.o(i.svcMessageGet)
    svcThreadCreate                          0x00003a21   Thumb Code   100  rt_cmsis.o(i.svcThreadCreate)
    svcThreadGetId                           0x00003a91   Thumb Code    22  rt_cmsis.o(i.svcThreadGetId)
    svcThreadTerminate                       0x00003aad   Thumb Code    50  rt_cmsis.o(i.svcThreadTerminate)
    svcTimerCall                             0x00003ae5   Thumb Code    24  rt_cmsis.o(i.svcTimerCall)
    sysTimerTick                             0x00003afd   Thumb Code    84  rt_cmsis.o(i.sysTimerTick)
    GLCD_Font_16x24                          0x00005058   Data          16  glcd_fonts.o(.constdata)
    os_maxtaskrun                            0x00005068   Data           2  rtx_conf_cm.o(.constdata)
    os_stackinfo                             0x0000506c   Data           4  rtx_conf_cm.o(.constdata)
    os_rrobin                                0x00005070   Data           4  rtx_conf_cm.o(.constdata)
    os_trv                                   0x00005074   Data           4  rtx_conf_cm.o(.constdata)
    os_flags                                 0x00005078   Data           1  rtx_conf_cm.o(.constdata)
    CMSIS_RTOS_API_Version                   0x0000507c   Data           4  rtx_conf_cm.o(.constdata)
    CMSIS_RTOS_RTX_Version                   0x00005080   Data           4  rtx_conf_cm.o(.constdata)
    os_clockrate                             0x00005084   Data           4  rtx_conf_cm.o(.constdata)
    os_timernum                              0x00005088   Data           4  rtx_conf_cm.o(.constdata)
    mp_tcb_size                              0x0000508c   Data           2  rtx_conf_cm.o(.constdata)
    mp_stk_size                              0x00005090   Data           4  rtx_conf_cm.o(.constdata)
    os_stack_sz                              0x00005094   Data           4  rtx_conf_cm.o(.constdata)
    os_fifo_size                             0x00005098   Data           1  rtx_conf_cm.o(.constdata)
    os_thread_def_osTimerThread              0x0000509c   Data          16  rtx_conf_cm.o(.constdata)
    os_messageQ_def_osTimerMessageQ          0x000050ac   Data           8  rtx_conf_cm.o(.constdata)
    mp_tmr_size                              0x000050b4   Data           2  rtx_conf_cm.o(.constdata)
    Driver_SPI1                              0x00005104   Data          44  ssp_lpc17xx.o(.constdata)
    Region$$Table$$Base                      0x00005130   Number         0  anon$$obj.o(Region$$Table)
    Region$$Table$$Limit                     0x00005150   Number         0  anon$$obj.o(Region$$Table)
    m_tmr                                    0x10000018   Data           4  rtx_conf_cm.o(.data)
    os_thread_def_main                       0x1000001c   Data          16  rtx_conf_cm.o(.data)
    osThreadId_osTimerThread                 0x1000002c   Data           4  rtx_conf_cm.o(.data)
    osMessageQId_osTimerMessageQ             0x10000030   Data           4  rtx_conf_cm.o(.data)
    SystemCoreClock                          0x10000044   Data           4  system_lpc17xx.o(.data)
    os_initialized                           0x10000048   Data           1  rt_cmsis.o(.data)
    os_running                               0x10000049   Data           1  rt_cmsis.o(.data)
    os_timer_head                            0x1000004c   Data           4  rt_cmsis.o(.data)
    os_tsk                                   0x10000050   Data           8  rt_task.o(.data)
    os_tick_irqn                             0x1000005c   Data           4  rt_system.o(.data)
    os_time                                  0x10000060   Data           4  rt_time.o(.data)
    dbg_msg                                  0x10000064   Data           1  hal_cm.o(.data)
    os_robin                                 0x10000068   Data           8  rt_robin.o(.data)
    StringBuf                                0x10000070   Data          21  demo.o(.bss)
    os_messageQ_q_osTimerMessageQ            0x10000108   Data          32  rtx_conf_cm.o(.bss)
    mp_tcb                                   0x10000128   Data         168  rtx_conf_cm.o(.bss)
    mp_stk                                   0x100001d0   Data         608  rtx_conf_cm.o(.bss)
    os_stack_mem                             0x10000430   Data         832  rtx_conf_cm.o(.bss)
    os_fifo                                  0x10000770   Data         132  rtx_conf_cm.o(.bss)
    os_active_TCB                            0x100007f4   Data          12  rtx_conf_cm.o(.bss)
    os_idle_TCB                              0x10000868   Data          52  rt_task.o(.bss)
    os_rdy                                   0x1000089c   Data          24  rt_list.o(.bss)
    os_dly                                   0x100008b4   Data          24  rt_list.o(.bss)
    __initial_sp                             0x10000ad0   Data           0  startup_lpc17xx.o(STACK)



==============================================================================

Memory Map of the image

  Image Entry point : 0x000000cd

  Load Region LR_IROM1 (Base: 0x00000000, Size: 0x000051c0, Max: 0x00080000, ABSOLUTE)

    Execution Region ER_IROM1 (Base: 0x00000000, Size: 0x00005150, Max: 0x00080000, ABSOLUTE)

    Base Addr    Size         Type   Attr      Idx    E Section Name        Object

    0x00000000   0x000000cc   Data   RO          460    RESET               startup_lpc17xx.o
    0x000000cc   0x00000000   Code   RO         1709  * .ARM.Collect$$$$00000000  mc_w.l(entry.o)
    0x000000cc   0x00000004   Code   RO         1983    .ARM.Collect$$$$00000001  mc_w.l(entry2.o)
    0x000000d0   0x00000004   Code   RO         1986    .ARM.Collect$$$$00000004  mc_w.l(entry5.o)
    0x000000d4   0x00000000   Code   RO         1988    .ARM.Collect$$$$00000008  mc_w.l(entry7b.o)
    0x000000d4   0x00000000   Code   RO         1990    .ARM.Collect$$$$0000000A  mc_w.l(entry8b.o)
    0x000000d4   0x00000000   Code   RO         1991    .ARM.Collect$$$$0000000D  mc_w.l(entry10a.o)
    0x000000d4   0x00000000   Code   RO         1993    .ARM.Collect$$$$0000000F  mc_w.l(entry11a.o)
    0x000000d4   0x00000018   Code   RO          276    .ARM.Collect$$$$000000FF  rtx_conf_cm.o
    0x000000ec   0x00000004   Code   RO         1984    .ARM.Collect$$$$00002712  mc_w.l(entry2.o)
    0x000000f0   0x00000130   Code   RO         1696    .emb_text           RTX_CM3.lib(hal_cm3.o)
    0x00000220   0x000000d4   Code   RO          126    .text               adc_mcb1700.o
    0x000002f4   0x00000004   Code   RO          277    .text               rtx_conf_cm.o
    0x000002f8   0x00000000   Code   RO         2006    .text               mc_w.l(iusefp.o)
    0x000002f8   0x00000004   Code   RO         1706    SVC_TABLE           RTX_CM3.lib(svc_table.o)
    0x000002fc   0x00000004   Code   RO          461    .ARM.__at_0x02FC    startup_lpc17xx.o
    0x00000300   0x00000234   Code   RO            4    .text               demo.o
    0x00000534   0x00000b70   Code   RO          203    .text               glcd_mcb1700.o
    0x000010a4   0x00000b40   Code   RO          332    .text               ssp_lpc17xx.o
    0x00001be4   0x00000270   Code   RO          386    .text               gpdma_lpc17xx.o
    0x00001e54   0x0000007c   Code   RO          413    .text               gpio_lpc17xx.o
    0x00001ed0   0x00000098   Code   RO          437    .text               pin_lpc17xx.o
    0x00001f68   0x00000024   Code   RO          462    .text               startup_lpc17xx.o
    0x00001f8c   0x00000198   Code   RO          471    .text               system_lpc17xx.o
    0x00002124   0x00000062   Code   RO         1712    .text               mc_w.l(uldiv.o)
    0x00002186   0x00000024   Code   RO         1714    .text               mc_w.l(memseta.o)
    0x000021aa   0x0000014e   Code   RO         1977    .text               mf_w.l(dadd.o)
    0x000022f8   0x000000e4   Code   RO         1979    .text               mf_w.l(dmul.o)
    0x000023dc   0x000000de   Code   RO         1981    .text               mf_w.l(ddiv.o)
    0x000024ba   0x0000002c   Code   RO         1998    .text               mc_w.l(uidiv.o)
    0x000024e6   0x0000001e   Code   RO         2000    .text               mc_w.l(llshl.o)
    0x00002504   0x00000020   Code   RO         2002    .text               mc_w.l(llushr.o)
    0x00002524   0x00000024   Code   RO         2004    .text               mc_w.l(llsshr.o)
    0x00002548   0x000000ba   Code   RO         2007    .text               mf_w.l(depilogue.o)
    0x00002602   0x00000002   PAD
    0x00002604   0x00000024   Code   RO         2013    .text               mc_w.l(init.o)
    0x00002628   0x00000028   Code   RO         1873    i.__0sprintf$6      mc_w.l(printf6.o)
    0x00002650   0x0000000e   Code   RO         2019    i.__scatterload_copy  mc_w.l(handlers.o)
    0x0000265e   0x00000002   Code   RO         2020    i.__scatterload_null  mc_w.l(handlers.o)
    0x00002660   0x0000000e   Code   RO         2021    i.__scatterload_zeroinit  mc_w.l(handlers.o)
    0x0000266e   0x00000046   Code   RO         1574    i._init_box         RTX_CM3.lib(rt_membox.o)
    0x000026b4   0x000002f0   Code   RO         1878    i._printf_core      mc_w.l(printf6.o)
    0x000029a4   0x00000024   Code   RO         1879    i._printf_post_padding  mc_w.l(printf6.o)
    0x000029c8   0x0000002e   Code   RO         1880    i._printf_pre_padding  mc_w.l(printf6.o)
    0x000029f6   0x0000000a   Code   RO         1882    i._sputc            mc_w.l(printf6.o)
    0x00002a00   0x00000030   Code   RO         1627    i.dbg_init          RTX_CM3.lib(hal_cm.o)
    0x00002a30   0x00000020   Code   RO         1628    i.dbg_task_notify   RTX_CM3.lib(hal_cm.o)
    0x00002a50   0x00000010   Code   RO         1629    i.dbg_task_switch   RTX_CM3.lib(hal_cm.o)
    0x00002a60   0x0000002a   Code   RO          501    i.isrMessageGet     RTX_CM3.lib(rt_cmsis.o)
    0x00002a8a   0x0000002c   Code   RO          502    i.isrMessagePut     RTX_CM3.lib(rt_cmsis.o)
    0x00002ab6   0x00000002   PAD
    0x00002ab8   0x00000052   Code   RO         1420    i.isr_mbx_receive   RTX_CM3.lib(rt_mailbox.o)
    0x00002b0a   0x0000000e   Code   RO         1421    i.isr_mbx_send      RTX_CM3.lib(rt_mailbox.o)
    0x00002b18   0x00000018   Code   RO          505    i.osDelay           RTX_CM3.lib(rt_cmsis.o)
    0x00002b30   0x00000024   Code   RO          506    i.osKernelInitialize  RTX_CM3.lib(rt_cmsis.o)
    0x00002b54   0x0000006c   Code   RO          508    i.osKernelStart     RTX_CM3.lib(rt_cmsis.o)
    0x00002bc0   0x00000018   Code   RO          517    i.osMessageGet      RTX_CM3.lib(rt_cmsis.o)
    0x00002bd8   0x00000030   Code   RO          534    i.osThreadCreate    RTX_CM3.lib(rt_cmsis.o)
    0x00002c08   0x00000018   Code   RO          535    i.osThreadExit      RTX_CM3.lib(rt_cmsis.o)
    0x00002c20   0x0000000c   Code   RO          541    i.osTimerCall       RTX_CM3.lib(rt_cmsis.o)
    0x00002c2c   0x0000002c   Code   RO          546    i.osTimerThread     RTX_CM3.lib(rt_cmsis.o)
    0x00002c58   0x00000028   Code   RO         1208    i.os_tick_init      RTX_CM3.lib(rt_system.o)
    0x00002c80   0x00000002   Code   RO         1209    i.os_tick_irqack    RTX_CM3.lib(rt_system.o)
    0x00002c82   0x0000001a   Code   RO         1575    i.rt_alloc_box      RTX_CM3.lib(rt_membox.o)
    0x00002c9c   0x0000003e   Code   RO         1603    i.rt_alloc_mem      RTX_CM3.lib(rt_memory.o)
    0x00002cda   0x00000002   PAD
    0x00002cdc   0x00000038   Code   RO         1123    i.rt_block          RTX_CM3.lib(rt_task.o)
    0x00002d14   0x00000048   Code   RO         1675    i.rt_chk_robin      RTX_CM3.lib(rt_robin.o)
    0x00002d5c   0x00000070   Code   RO         1344    i.rt_dec_dly        RTX_CM3.lib(rt_list.o)
    0x00002dcc   0x00000044   Code   RO         1124    i.rt_dispatch       RTX_CM3.lib(rt_task.o)
    0x00002e10   0x00000006   Code   RO         1510    i.rt_dly_wait       RTX_CM3.lib(rt_time.o)
    0x00002e16   0x00000002   PAD
    0x00002e18   0x00000050   Code   RO         1301    i.rt_evt_psh        RTX_CM3.lib(rt_event.o)
    0x00002e68   0x0000002c   Code   RO         1576    i.rt_free_box       RTX_CM3.lib(rt_membox.o)
    0x00002e94   0x00000028   Code   RO         1604    i.rt_free_mem       RTX_CM3.lib(rt_memory.o)
    0x00002ebc   0x00000028   Code   RO         1345    i.rt_get_first      RTX_CM3.lib(rt_list.o)
    0x00002ee4   0x00000008   Code   RO          551    i.rt_id2obj         RTX_CM3.lib(rt_cmsis.o)
    0x00002eec   0x00000048   Code   RO         1125    i.rt_init_context   RTX_CM3.lib(rt_task.o)
    0x00002f34   0x0000001a   Code   RO         1605    i.rt_init_mem       RTX_CM3.lib(rt_memory.o)
    0x00002f4e   0x00000002   PAD
    0x00002f50   0x00000018   Code   RO         1676    i.rt_init_robin     RTX_CM3.lib(rt_robin.o)
    0x00002f68   0x00000080   Code   RO         1630    i.rt_init_stack     RTX_CM3.lib(hal_cm.o)
    0x00002fe8   0x00000008   Code   RO         1422    i.rt_mbx_check      RTX_CM3.lib(rt_mailbox.o)
    0x00002ff0   0x0000001a   Code   RO         1423    i.rt_mbx_init       RTX_CM3.lib(rt_mailbox.o)
    0x0000300a   0x00000002   PAD
    0x0000300c   0x000000f0   Code   RO         1424    i.rt_mbx_psh        RTX_CM3.lib(rt_mailbox.o)
    0x000030fc   0x000000b4   Code   RO         1426    i.rt_mbx_wait       RTX_CM3.lib(rt_mailbox.o)
    0x000031b0   0x00000044   Code   RO          552    i.rt_ms2tick        RTX_CM3.lib(rt_cmsis.o)
    0x000031f4   0x0000007c   Code   RO         1212    i.rt_pop_req        RTX_CM3.lib(rt_system.o)
    0x00003270   0x00000020   Code   RO         1213    i.rt_psh_req        RTX_CM3.lib(rt_system.o)
    0x00003290   0x0000005c   Code   RO         1347    i.rt_psq_enq        RTX_CM3.lib(rt_list.o)
    0x000032ec   0x00000048   Code   RO         1348    i.rt_put_dly        RTX_CM3.lib(rt_list.o)
    0x00003334   0x00000036   Code   RO         1349    i.rt_put_prio       RTX_CM3.lib(rt_list.o)
    0x0000336a   0x00000002   PAD
    0x0000336c   0x00000014   Code   RO         1350    i.rt_put_rdy_first  RTX_CM3.lib(rt_list.o)
    0x00003380   0x00000034   Code   RO         1351    i.rt_resort_prio    RTX_CM3.lib(rt_list.o)
    0x000033b4   0x00000006   Code   RO         1631    i.rt_ret_val        RTX_CM3.lib(hal_cm.o)
    0x000033ba   0x00000008   Code   RO         1632    i.rt_ret_val2       RTX_CM3.lib(hal_cm.o)
    0x000033c2   0x00000028   Code   RO         1352    i.rt_rmv_dly        RTX_CM3.lib(rt_list.o)
    0x000033ea   0x00000002   PAD
    0x000033ec   0x00000030   Code   RO         1353    i.rt_rmv_list       RTX_CM3.lib(rt_list.o)
    0x0000341c   0x00000034   Code   RO         1471    i.rt_sem_psh        RTX_CM3.lib(rt_semaphore.o)
    0x00003450   0x00000024   Code   RO         1215    i.rt_stk_check      RTX_CM3.lib(rt_system.o)
    0x00003474   0x00000028   Code   RO         1126    i.rt_switch_req     RTX_CM3.lib(rt_task.o)
    0x0000349c   0x000000cc   Code   RO         1127    i.rt_sys_init       RTX_CM3.lib(rt_task.o)
    0x00003568   0x00000078   Code   RO         1128    i.rt_sys_start      RTX_CM3.lib(rt_task.o)
    0x000035e0   0x00000040   Code   RO         1217    i.rt_systick        RTX_CM3.lib(rt_system.o)
    0x00003620   0x00000012   Code   RO          553    i.rt_tid2ptcb       RTX_CM3.lib(rt_cmsis.o)
    0x00003632   0x00000002   PAD
    0x00003634   0x00000034   Code   RO          554    i.rt_timer_insert   RTX_CM3.lib(rt_cmsis.o)
    0x00003668   0x00000088   Code   RO         1129    i.rt_tsk_create     RTX_CM3.lib(rt_task.o)
    0x000036f0   0x00000178   Code   RO         1130    i.rt_tsk_delete     RTX_CM3.lib(rt_task.o)
    0x00003868   0x0000007c   Code   RO         1132    i.rt_tsk_prio       RTX_CM3.lib(rt_task.o)
    0x000038e4   0x00000010   Code   RO         1133    i.rt_tsk_self       RTX_CM3.lib(rt_task.o)
    0x000038f4   0x00000012   Code   RO          556    i.svcDelay          RTX_CM3.lib(rt_cmsis.o)
    0x00003906   0x00000002   PAD
    0x00003908   0x00000070   Code   RO          557    i.svcKernelInitialize  RTX_CM3.lib(rt_cmsis.o)
    0x00003978   0x00000048   Code   RO          559    i.svcKernelStart    RTX_CM3.lib(rt_cmsis.o)
    0x000039c0   0x00000024   Code   RO          562    i.svcMessageCreate  RTX_CM3.lib(rt_cmsis.o)
    0x000039e4   0x0000003a   Code   RO          563    i.svcMessageGet     RTX_CM3.lib(rt_cmsis.o)
    0x00003a1e   0x00000002   PAD
    0x00003a20   0x00000070   Code   RO          577    i.svcThreadCreate   RTX_CM3.lib(rt_cmsis.o)
    0x00003a90   0x0000001c   Code   RO          578    i.svcThreadGetId    RTX_CM3.lib(rt_cmsis.o)
    0x00003aac   0x00000038   Code   RO          581    i.svcThreadTerminate  RTX_CM3.lib(rt_cmsis.o)
    0x00003ae4   0x00000018   Code   RO          583    i.svcTimerCall      RTX_CM3.lib(rt_cmsis.o)
    0x00003afc   0x0000005c   Code   RO          592    i.sysTimerTick      RTX_CM3.lib(rt_cmsis.o)
    0x00003b58   0x00001500   Data   RO          189    .constdata          glcd_fonts.o
    0x00005058   0x00000010   Data   RO          191    .constdata          glcd_fonts.o
    0x00005068   0x00000002   Data   RO          284    .constdata          rtx_conf_cm.o
    0x0000506a   0x00000002   PAD
    0x0000506c   0x00000004   Data   RO          285    .constdata          rtx_conf_cm.o
    0x00005070   0x00000004   Data   RO          286    .constdata          rtx_conf_cm.o
    0x00005074   0x00000004   Data   RO          290    .constdata          rtx_conf_cm.o
    0x00005078   0x00000001   Data   RO          291    .constdata          rtx_conf_cm.o
    0x00005079   0x00000003   PAD
    0x0000507c   0x00000010   Data   RO          292    .constdata          rtx_conf_cm.o
    0x0000508c   0x00000002   Data   RO          293    .constdata          rtx_conf_cm.o
    0x0000508e   0x00000002   PAD
    0x00005090   0x00000004   Data   RO          294    .constdata          rtx_conf_cm.o
    0x00005094   0x00000004   Data   RO          295    .constdata          rtx_conf_cm.o
    0x00005098   0x00000001   Data   RO          296    .constdata          rtx_conf_cm.o
    0x00005099   0x00000003   PAD
    0x0000509c   0x00000010   Data   RO          297    .constdata          rtx_conf_cm.o
    0x000050ac   0x00000008   Data   RO          298    .constdata          rtx_conf_cm.o
    0x000050b4   0x00000002   Data   RO          299    .constdata          rtx_conf_cm.o
    0x000050b6   0x00000002   PAD
    0x000050b8   0x0000004c   Data   RO          335    .constdata          ssp_lpc17xx.o
    0x00005104   0x0000002c   Data   RO          336    .constdata          ssp_lpc17xx.o
    0x00005130   0x00000020   Data   RO         2017    Region$$Table       anon$$obj.o


    Execution Region RW_IRAM1 (Base: 0x10000000, Size: 0x00000ad0, Max: 0x00008000, ABSOLUTE)

    Base Addr    Size         Type   Attr      Idx    E Section Name        Object

    0x10000000   0x00000004   Data   RW          128    .data               adc_mcb1700.o
    0x10000004   0x00000014   Data   RW          204    .data               glcd_mcb1700.o
    0x10000018   0x00000004   Data   RW          301    .data               rtx_conf_cm.o
    0x1000001c   0x00000010   Data   RW          302    .data               rtx_conf_cm.o
    0x1000002c   0x00000004   Data   RW          303    .data               rtx_conf_cm.o
    0x10000030   0x00000004   Data   RW          304    .data               rtx_conf_cm.o
    0x10000034   0x00000008   Data   RW          337    .data               ssp_lpc17xx.o
    0x1000003c   0x00000008   Data   RW          388    .data               gpdma_lpc17xx.o
    0x10000044   0x00000004   Data   RW          472    .data               system_lpc17xx.o
    0x10000048   0x00000008   Data   RW          595    .data               RTX_CM3.lib(rt_cmsis.o)
    0x10000050   0x00000008   Data   RW         1135    .data               RTX_CM3.lib(rt_task.o)
    0x10000058   0x00000008   Data   RW         1220    .data               RTX_CM3.lib(rt_system.o)
    0x10000060   0x00000004   Data   RW         1514    .data               RTX_CM3.lib(rt_time.o)
    0x10000064   0x00000001   Data   RW         1633    .data               RTX_CM3.lib(hal_cm.o)
    0x10000065   0x00000003   PAD
    0x10000068   0x00000008   Data   RW         1677    .data               RTX_CM3.lib(rt_robin.o)
    0x10000070   0x00000098   Zero   RW            5    .bss                demo.o
    0x10000108   0x00000020   Zero   RW          278    .bss                rtx_conf_cm.o
    0x10000128   0x000000a8   Zero   RW          279    .bss                rtx_conf_cm.o
    0x100001d0   0x00000260   Zero   RW          280    .bss                rtx_conf_cm.o
    0x10000430   0x00000340   Zero   RW          281    .bss                rtx_conf_cm.o
    0x10000770   0x00000084   Zero   RW          282    .bss                rtx_conf_cm.o
    0x100007f4   0x0000000c   Zero   RW          283    .bss                rtx_conf_cm.o
    0x10000800   0x0000000c   Zero   RW          333    .bss                ssp_lpc17xx.o
    0x1000080c   0x0000001c   Zero   RW          334    .bss                ssp_lpc17xx.o
    0x10000828   0x00000040   Zero   RW          387    .bss                gpdma_lpc17xx.o
    0x10000868   0x00000034   Zero   RW         1134    .bss                RTX_CM3.lib(rt_task.o)
    0x1000089c   0x00000030   Zero   RW         1354    .bss                RTX_CM3.lib(rt_list.o)
    0x100008cc   0x00000004   PAD
    0x100008d0   0x00000200   Zero   RW          458    STACK               startup_lpc17xx.o


==============================================================================

Image component sizes


      Code (inc. data)   RO Data    RW Data    ZI Data      Debug   Object Name

       212         18          0          4          0      27256   adc_mcb1700.o
       564         46          0          0        152      26016   demo.o
         0          0       5392          0          0        720   glcd_fonts.o
      2928         30          0         20          0      14278   glcd_mcb1700.o
       624         20          0          8         64       5161   gpdma_lpc17xx.o
       124         10          0          0          0       1641   gpio_lpc17xx.o
       152          6          0          0          0       1440   pin_lpc17xx.o
        28          6         68         28       1784       7206   rtx_conf_cm.o
      2880         20        120          8         40      41125   ssp_lpc17xx.o
        40         12        204          0        512       1016   startup_lpc17xx.o
       408         32          0          4          0       1137   system_lpc17xx.o

    ----------------------------------------------------------------------
      7960        200       5828         72       2552     126996   Object Totals
         0          0         32          0          0          0   (incl. Generated)
         0          0         12          0          0          0   (incl. Padding)

    ----------------------------------------------------------------------

      Code (inc. data)   RO Data    RW Data    ZI Data      Debug   Library Member Name

       238         24          0          1          0       3192   hal_cm.o
       304         36          0          0          0        748   hal_cm3.o
      1160        144          0          8          0      31918   rt_cmsis.o
        80          4          0          0          0        641   rt_event.o
       530         34          0          0         48       8093   rt_list.o
       550         10          0          0          0       3837   rt_mailbox.o
       140          0          0          0          0       1865   rt_membox.o
       128          0          0          0          0       2239   rt_memory.o
        96         22          0          8          0       1110   rt_robin.o
        52          4          0          0          0        557   rt_semaphore.o
       298         52          0          8          0       6091   rt_system.o
      1212        174          0          8         52       9453   rt_task.o
         6          0          0          4          0        620   rt_time.o
         4          4          0          0          0        188   svc_table.o
         0          0          0          0          0          0   entry.o
         0          0          0          0          0          0   entry10a.o
         0          0          0          0          0          0   entry11a.o
         8          4          0          0          0          0   entry2.o
         4          0          0          0          0          0   entry5.o
         0          0          0          0          0          0   entry7b.o
         0          0          0          0          0          0   entry8b.o
        30          0          0          0          0          0   handlers.o
        36          8          0          0          0         68   init.o
         0          0          0          0          0          0   iusefp.o
        30          0          0          0          0         68   llshl.o
        36          0          0          0          0         68   llsshr.o
        32          0          0          0          0         68   llushr.o
        36          0          0          0          0        108   memseta.o
       884         10          0          0          0        420   printf6.o
        44          0          0          0          0         80   uidiv.o
        98          0          0          0          0         92   uldiv.o
       334          0          0          0          0        148   dadd.o
       222          0          0          0          0        100   ddiv.o
       186          0          0          0          0        176   depilogue.o
       228          0          0          0          0         96   dmul.o

    ----------------------------------------------------------------------
      7028        530          0         40        104      72044   Library Totals
        22          0          0          3          4          0   (incl. Padding)

    ----------------------------------------------------------------------

      Code (inc. data)   RO Data    RW Data    ZI Data      Debug   Library Name

      4798        508          0         37        100      70552   RTX_CM3.lib
      1238         22          0          0          0        972   mc_w.l
       970          0          0          0          0        520   mf_w.l

    ----------------------------------------------------------------------
      7028        530          0         40        104      72044   Library Totals

    ----------------------------------------------------------------------

==============================================================================


      Code (inc. data)   RO Data    RW Data    ZI Data      Debug   

     14988        730       5828        112       2656     193472   Grand Totals
     14988        730       5828        112       2656     193472   ELF Image Totals
     14988        730       5828        112          0          0   ROM Totals

==============================================================================

    Total RO  Size (Code + RO Data)                20816 (  20.33kB)
    Total RW  Size (RW Data + ZI Data)              2768 (   2.70kB)
    Total ROM Size (Code + RO Data + RW Data)      20928 (  20.44kB)

==============================================================================

